
Running 66 tests using 2 workers

(node:36041) Warning: The 'NO_COLOR' env is ignored due to the 'FORCE_COLOR' env being set.
(Use `node --trace-warnings ...` to show where the warning was created)
(node:36042) Warning: The 'NO_COLOR' env is ignored due to the 'FORCE_COLOR' env being set.
(Use `node --trace-warnings ...` to show where the warning was created)
  ✓   2 [mobile] › tests/e2e/flow.spec.ts:16:7 › core flow › home renders with the primary CTA and never quotes an amount (854ms)
  ✓   1 [mobile] › tests/e2e/i18n.spec.ts:17:7 › English site › serves English pages with hreflang, while Chinese URLs stay unprefixed (861ms)
  ✓   3 [mobile] › tests/e2e/flow.spec.ts:26:7 › core flow › sample result and sample report are reachable (225ms)
  ✓   5 [mobile] › tests/e2e/flow.spec.ts:34:7 › core flow › quiz gates next until an answer is chosen and persists progress across reload (702ms)
  ✓   4 [mobile] › tests/e2e/i18n.spec.ts:39:7 › English site › the header language menu opens the same page in the other language, and locale-bound pages open the other home (1.1s)
  ✓   7 [mobile] › tests/e2e/i18n.spec.ts:71:7 › English site › the English sample report ships all four chapters in the server HTML (11ms)
  ✓   8 [mobile] › tests/e2e/i18n.spec.ts:78:7 › English site › English quiz → result → demo payment → English report (17.5s)
  ✓   9 [mobile] › tests/e2e/i18n.spec.ts:99:7 › English site › API errors follow the language of the calling page (103ms)
  ✓  10 [mobile] › tests/e2e/interaction-motion.spec.ts:7:9 › interaction motion: no-preference › question navigation preserves answers and keeps the phone dock inside the viewport (708ms)
  ✓  11 [mobile] › tests/e2e/interaction-motion.spec.ts:44:9 › interaction motion: no-preference › rapid strength switches retain both original lists and align the selected pill (595ms)
  -  12 [mobile] › tests/e2e/interaction-motion.spec.ts:81:9 › interaction motion: no-preference › desktop modal stays centered and releases its overlay when closed
  ✓  13 [mobile] › tests/e2e/interaction-motion.spec.ts:7:9 › interaction motion: reduce › question navigation preserves answers and keeps the phone dock inside the viewport (364ms)
  ✓  14 [mobile] › tests/e2e/interaction-motion.spec.ts:44:9 › interaction motion: reduce › rapid strength switches retain both original lists and align the selected pill (207ms)
  -  15 [mobile] › tests/e2e/interaction-motion.spec.ts:81:9 › interaction motion: reduce › desktop modal stays centered and releases its overlay when closed
  ✓   6 [mobile] › tests/e2e/flow.spec.ts:49:7 › core flow › complete quiz → result → mock pay → report chapters (20.1s)
  ✓  16 [mobile] › tests/e2e/motion.spec.ts:45:7 › first-round motion › reduced motion keeps home, result and report content complete without animation (434ms)
  ✓  17 [mobile] › tests/e2e/flow.spec.ts:83:7 › core flow › the sample closes by inviting the test, not by quoting a price (359ms)
  ✓  19 [mobile] › tests/e2e/flow.spec.ts:104:7 › core flow › the sample report is the real report layout, marked as a sample (147ms)
  ✓  20 [mobile] › tests/e2e/flow.spec.ts:122:7 › core flow › sample report ships every chapter in the server HTML (16ms)
  ✓  18 [mobile] › tests/e2e/motion.spec.ts:76:7 › first-round motion › a result radar draws when scrolled into view and never repeats on return (1.1s)
  ✓  21 [mobile] › tests/e2e/flow.spec.ts:138:7 › core flow › report chapters deep-link, switch and keep both insight lists (658ms)
  ✓  22 [mobile] › tests/e2e/motion.spec.ts:100:7 › first-round motion › returning to report chapter one keeps the completed radar without replaying it (1.1s)
  ✓  24 [mobile] › tests/e2e/motion.spec.ts:122:7 › first-round motion › rapid chapter changes keep the original panels, selection and URL in sync (276ms)
  ✓  25 [mobile] › tests/e2e/paid-pairing.spec.ts:21:34 › paid invitation → own overview → payment → independent consent zh (8.9s)
  ✓  23 [mobile] › tests/e2e/flow.spec.ts:156:7 › core flow › locked report redirects to the result with the unlock sheet (14.4s)
  ✓  27 [mobile] › tests/e2e/flow.spec.ts:166:7 › core flow › API rejects malformed answers and unknown results (129ms)
  ✓  28 [mobile] › tests/e2e/flow.spec.ts:181:7 › core flow › SEO endpoints respond (195ms)
  ✓  29 [mobile] › tests/e2e/pairing-motion.spec.ts:3:5 › pairing reveals run once, keep actions outside, and settle for motion preferences (816ms)
(node:36347) Warning: The 'NO_COLOR' env is ignored due to the 'FORCE_COLOR' env being set.
(Use `node --trace-warnings ...` to show where the warning was created)
  ✓  30 [desktop] › tests/e2e/flow.spec.ts:16:7 › core flow › home renders with the primary CTA and never quotes an amount (185ms)
  ✓  31 [desktop] › tests/e2e/flow.spec.ts:26:7 › core flow › sample result and sample report are reachable (177ms)
  ✓  32 [desktop] › tests/e2e/flow.spec.ts:34:7 › core flow › quiz gates next until an answer is chosen and persists progress across reload (593ms)
  ✓  26 [mobile] › tests/e2e/paid-pairing.spec.ts:21:34 › paid invitation → own overview → payment → independent consent en (7.8s)
  ✓  34 [mobile] › tests/e2e/paid-pairing.spec.ts:48:5 › pairing page, narrow widths, no-JS, print and reduced motion (2.4s)
  ✓  35 [mobile] › tests/e2e/paid-pairing.spec.ts:59:5 › owner-only access, strict continuation inputs and closed invite keep personal report (139ms)
  ✓  36 [mobile] › tests/e2e/paid-pairing.spec.ts:74:5 › result docks fit phone breakpoints (7.5s)
  ✓  37 [mobile] › tests/e2e/paid-pairing.spec.ts:102:5 › empty center, report entry and recovered order retain separate invitations (4.9s)
(node:36509) Warning: The 'NO_COLOR' env is ignored due to the 'FORCE_COLOR' env being set.
(Use `node --trace-warnings ...` to show where the warning was created)
  ✓  38 [desktop] › tests/e2e/i18n.spec.ts:17:7 › English site › serves English pages with hreflang, while Chinese URLs stay unprefixed (219ms)
  ✓  33 [desktop] › tests/e2e/flow.spec.ts:49:7 › core flow › complete quiz → result → mock pay → report chapters (17.4s)
  ✓  40 [desktop] › tests/e2e/flow.spec.ts:83:7 › core flow › the sample closes by inviting the test, not by quoting a price (361ms)
  ✓  39 [desktop] › tests/e2e/i18n.spec.ts:39:7 › English site › the header language menu opens the same page in the other language, and locale-bound pages open the other home (974ms)
  ✓  42 [desktop] › tests/e2e/i18n.spec.ts:71:7 › English site › the English sample report ships all four chapters in the server HTML (11ms)
  ✓  41 [desktop] › tests/e2e/flow.spec.ts:104:7 › core flow › the sample report is the real report layout, marked as a sample (174ms)
  ✓  44 [desktop] › tests/e2e/flow.spec.ts:122:7 › core flow › sample report ships every chapter in the server HTML (22ms)
  ✓  45 [desktop] › tests/e2e/flow.spec.ts:138:7 › core flow › report chapters deep-link, switch and keep both insight lists (636ms)
  ✓  46 [desktop] › tests/e2e/flow.spec.ts:156:7 › core flow › locked report redirects to the result with the unlock sheet (14.3s)
  ✓  47 [desktop] › tests/e2e/flow.spec.ts:166:7 › core flow › API rejects malformed answers and unknown results (141ms)
  ✓  48 [desktop] › tests/e2e/flow.spec.ts:181:7 › core flow › SEO endpoints respond (128ms)
  ✓  49 [desktop] › tests/e2e/interaction-motion.spec.ts:7:9 › interaction motion: no-preference › question navigation preserves answers and keeps the phone dock inside the viewport (505ms)
  ✓  50 [desktop] › tests/e2e/interaction-motion.spec.ts:44:9 › interaction motion: no-preference › rapid strength switches retain both original lists and align the selected pill (589ms)
  ✓  43 [desktop] › tests/e2e/i18n.spec.ts:78:7 › English site › English quiz → result → demo payment → English report (16.8s)
  ✓  52 [desktop] › tests/e2e/i18n.spec.ts:99:7 › English site › API errors follow the language of the calling page (103ms)
  ✓  53 [desktop] › tests/e2e/motion.spec.ts:45:7 › first-round motion › reduced motion keeps home, result and report content complete without animation (425ms)
  ✓  51 [desktop] › tests/e2e/interaction-motion.spec.ts:81:9 › interaction motion: no-preference › desktop modal stays centered and releases its overlay when closed (1.5s)
  ✓  55 [desktop] › tests/e2e/interaction-motion.spec.ts:7:9 › interaction motion: reduce › question navigation preserves answers and keeps the phone dock inside the viewport (266ms)
  ✓  54 [desktop] › tests/e2e/motion.spec.ts:76:7 › first-round motion › a result radar draws when scrolled into view and never repeats on return (1.0s)
  ✓  56 [desktop] › tests/e2e/interaction-motion.spec.ts:44:9 › interaction motion: reduce › rapid strength switches retain both original lists and align the selected pill (226ms)
  ✓  58 [desktop] › tests/e2e/interaction-motion.spec.ts:81:9 › interaction motion: reduce › desktop modal stays centered and releases its overlay when closed (366ms)
  ✓  57 [desktop] › tests/e2e/motion.spec.ts:100:7 › first-round motion › returning to report chapter one keeps the completed radar without replaying it (1.4s)
  ✓  60 [desktop] › tests/e2e/motion.spec.ts:122:7 › first-round motion › rapid chapter changes keep the original panels, selection and URL in sync (260ms)
  ✓  61 [desktop] › tests/e2e/pairing-motion.spec.ts:3:5 › pairing reveals run once, keep actions outside, and settle for motion preferences (804ms)
  ✓  59 [desktop] › tests/e2e/paid-pairing.spec.ts:21:34 › paid invitation → own overview → payment → independent consent zh (7.2s)
  ✓  62 [desktop] › tests/e2e/paid-pairing.spec.ts:21:34 › paid invitation → own overview → payment → independent consent en (6.3s)
  ✓  63 [desktop] › tests/e2e/paid-pairing.spec.ts:48:5 › pairing page, narrow widths, no-JS, print and reduced motion (1.4s)
  ✓  64 [desktop] › tests/e2e/paid-pairing.spec.ts:59:5 › owner-only access, strict continuation inputs and closed invite keep personal report (130ms)
  ✓  65 [desktop] › tests/e2e/paid-pairing.spec.ts:74:5 › result docks fit phone breakpoints (28ms)
  ✓  66 [desktop] › tests/e2e/paid-pairing.spec.ts:102:5 › empty center, report entry and recovered order retain separate invitations (5.0s)

  2 skipped
  64 passed (1.6m)
