
Running 150 tests using 2 workers

(node:46447) Warning: The 'NO_COLOR' env is ignored due to the 'FORCE_COLOR' env being set.
(Use `node --trace-warnings ...` to show where the warning was created)
(node:46448) Warning: The 'NO_COLOR' env is ignored due to the 'FORCE_COLOR' env being set.
(Use `node --trace-warnings ...` to show where the warning was created)
  ✓    2 [mobile] › tests/e2e/analytics.spec.ts:28:7 › analytics › home sends a redacted page view and counts the start CTA (1.1s)
  ✓    3 [mobile] › tests/e2e/analytics.spec.ts:39:7 › analytics › opening the header menu is counted with its location (186ms)
  ✓    1 [mobile] › tests/e2e/audit-updates.spec.ts:10:7 › review improvements › keeps separate drafts, checks answers and restarts only the chosen version (6.2s)
  ✓    5 [mobile] › tests/e2e/audit-updates.spec.ts:40:7 › review improvements › migrates an existing 32-question browser draft without changing its answers (167ms)
  ✓    4 [mobile] › tests/e2e/analytics.spec.ts:51:7 › analytics › the paid funnel is measured end to end without result IDs or order numbers (16.9s)
  ✓    7 [mobile] › tests/e2e/analytics.spec.ts:104:7 › analytics › the sample report records chapter reading and its closing CTA (310ms)
  ✓    6 [mobile] › tests/e2e/audit-updates.spec.ts:49:7 › review improvements › can finish the quiz when browser storage is blocked (14.4s)
  ✓    8 [mobile] › tests/e2e/compare.spec.ts:44:37 › comparison explicit consent, cross-locale privacy and withdrawal zh (4.9s)
  ✓    9 [mobile] › tests/e2e/audit-updates.spec.ts:64:7 › review improvements › completes all 64 questions, persists the version and serves the paid chapters as HTML (5.1s)
  ✓   11 [mobile] › tests/e2e/audit-updates.spec.ts:95:7 › review improvements › unclear results cannot be sold; owners can review answers and keep the old record (1.2s)
  ✓   12 [mobile] › tests/e2e/audit-updates.spec.ts:132:7 › review improvements › public pages explain MBTI, score limits and a working support contact (484ms)
  ✓   13 [mobile] › tests/e2e/flow.spec.ts:16:7 › core flow › home renders with the primary CTA and never quotes an amount (113ms)
  ✓   14 [mobile] › tests/e2e/flow.spec.ts:26:7 › core flow › sample result and sample report are reachable (161ms)
  ✓   15 [mobile] › tests/e2e/flow.spec.ts:34:7 › core flow › quiz gates next until an answer is chosen and persists progress across reload (665ms)
  ✓   10 [mobile] › tests/e2e/compare.spec.ts:44:37 › comparison explicit consent, cross-locale privacy and withdrawal en (5.3s)
  ✓   17 [mobile] › tests/e2e/header-nav.spec.ts:7:7 › header navigation › every menu link stays in the server HTML while the menu is closed (30ms)
  ✓   18 [mobile] › tests/e2e/header-nav.spec.ts:16:7 › header navigation › the menu opens on click and closes on Escape, an outside press and a followed link (515ms)
  ✓   19 [mobile] › tests/e2e/header-nav.spec.ts:54:7 › header navigation › phones show the logo without its tagline while desktop keeps the full lockup (298ms)
  ✓   20 [mobile] › tests/e2e/header-nav.spec.ts:64:7 › header navigation › the phone header fits narrow screens in both languages (596ms)
  ✓   21 [mobile] › tests/e2e/header-nav.spec.ts:78:7 › header navigation › the phone header keeps the logo or back link and both menu labels on one centre line (244ms)
  ✓   22 [mobile] › tests/e2e/i18n.spec.ts:17:7 › English site › serves English pages with hreflang, while Chinese URLs stay unprefixed (125ms)
  ✓   23 [mobile] › tests/e2e/i18n.spec.ts:39:7 › English site › the header language menu opens the same page in the other language, and locale-bound pages open the other home (966ms)
  ✓   24 [mobile] › tests/e2e/i18n.spec.ts:71:7 › English site › the English sample report ships all four chapters in the server HTML (8ms)
  ✓   16 [mobile] › tests/e2e/flow.spec.ts:49:7 › core flow › complete quiz → result → mock pay → report chapters (18.5s)
  ✓   26 [mobile] › tests/e2e/flow.spec.ts:83:7 › core flow › the sample closes by inviting the test, not by quoting a price (360ms)
  ✓   25 [mobile] › tests/e2e/i18n.spec.ts:78:7 › English site › English quiz → result → demo payment → English report (15.9s)
  ✓   28 [mobile] › tests/e2e/i18n.spec.ts:99:7 › English site › API errors follow the language of the calling page (119ms)
  ✓   27 [mobile] › tests/e2e/flow.spec.ts:104:7 › core flow › the sample report is the real report layout, marked as a sample (195ms)
  ✓   30 [mobile] › tests/e2e/flow.spec.ts:122:7 › core flow › sample report ships every chapter in the server HTML (12ms)
  ✓   31 [mobile] › tests/e2e/flow.spec.ts:138:7 › core flow › report chapters deep-link, switch and keep both insight lists (610ms)
  ✓   29 [mobile] › tests/e2e/interaction-motion.spec.ts:7:9 › interaction motion: no-preference › question navigation preserves answers and keeps the phone dock inside the viewport (700ms)
  ✓   33 [mobile] › tests/e2e/interaction-motion.spec.ts:44:9 › interaction motion: no-preference › rapid strength switches retain both original lists and align the selected pill (592ms)
  -   34 [mobile] › tests/e2e/interaction-motion.spec.ts:81:9 › interaction motion: no-preference › desktop modal stays centered and releases its overlay when closed
  ✓   35 [mobile] › tests/e2e/interaction-motion.spec.ts:7:9 › interaction motion: reduce › question navigation preserves answers and keeps the phone dock inside the viewport (338ms)
  ✓   36 [mobile] › tests/e2e/interaction-motion.spec.ts:44:9 › interaction motion: reduce › rapid strength switches retain both original lists and align the selected pill (204ms)
  -   37 [mobile] › tests/e2e/interaction-motion.spec.ts:81:9 › interaction motion: reduce › desktop modal stays centered and releases its overlay when closed
  ✓   38 [mobile] › tests/e2e/motion.spec.ts:45:7 › first-round motion › reduced motion keeps home, result and report content complete without animation (380ms)
  ✓   39 [mobile] › tests/e2e/motion.spec.ts:76:7 › first-round motion › a result radar draws when scrolled into view and never repeats on return (1.0s)
  ✓   40 [mobile] › tests/e2e/motion.spec.ts:100:7 › first-round motion › returning to report chapter one keeps the completed radar without replaying it (1.4s)
  ✓   41 [mobile] › tests/e2e/motion.spec.ts:122:7 › first-round motion › rapid chapter changes keep the original panels, selection and URL in sync (253ms)
  ✓   42 [mobile] › tests/e2e/number-motion.spec.ts:7:9 › number motion: no-preference › rapid question jumps show the latest number, with only changed digits moving (1.3s)
  ✓   43 [mobile] › tests/e2e/number-motion.spec.ts:38:9 › number motion: no-preference › switching 32 and 64 items animates the total and restores each draft (433ms)
  ✓   44 [mobile] › tests/e2e/number-motion.spec.ts:7:9 › number motion: reduce › rapid question jumps show the latest number, with only changed digits moving (390ms)
  ✓   45 [mobile] › tests/e2e/number-motion.spec.ts:38:9 › number motion: reduce › switching 32 and 64 items animates the total and restores each draft (425ms)
  ✓   46 [mobile] › tests/e2e/paid-pairing.spec.ts:16:34 › paid invitation → own overview → payment → independent consent zh (7.0s)
  ✓   32 [mobile] › tests/e2e/flow.spec.ts:156:7 › core flow › locked report redirects to the result with the unlock sheet (14.5s)
  ✓   48 [mobile] › tests/e2e/flow.spec.ts:166:7 › core flow › API rejects malformed answers and unknown results (125ms)
  ✓   49 [mobile] › tests/e2e/flow.spec.ts:181:7 › core flow › SEO endpoints respond (154ms)
  ✓   50 [mobile] › tests/e2e/pairing-motion.spec.ts:3:5 › pairing reveals run once, keep actions outside, and settle for motion preferences (791ms)
  ✓   47 [mobile] › tests/e2e/paid-pairing.spec.ts:16:34 › paid invitation → own overview → payment → independent consent en (6.6s)
  ✓   52 [mobile] › tests/e2e/paid-pairing.spec.ts:43:5 › pairing page, narrow widths, no-JS, print and reduced motion (2.0s)
  ✓   53 [mobile] › tests/e2e/paid-pairing.spec.ts:54:5 › owner-only access, strict continuation inputs and closed invite keep personal report (120ms)
  ✓   54 [mobile] › tests/e2e/paid-pairing.spec.ts:69:5 › result docks fit phone breakpoints (1.8s)
  ✘   55 [mobile] › tests/e2e/paid-pairing.spec.ts:88:5 › empty center, report entry and recovered order retain separate invitations (1.7s)
(node:47275) Warning: The 'NO_COLOR' env is ignored due to the 'FORCE_COLOR' env being set.
(Use `node --trace-warnings ...` to show where the warning was created)
  ✓   56 [mobile] › tests/e2e/report-history.spec.ts:52:7 › report history and order recovery › lists every result, including an older paid report, without depending on local storage (1.1s)
  ✓   57 [mobile] › tests/e2e/report-history.spec.ts:90:7 › report history and order recovery › a visitor without a saved session can start a test or recover with an order number (480ms)
  ✓   58 [mobile] › tests/e2e/report-history.spec.ts:100:7 › report history and order recovery › recovering a paid order restores all history while the other result stays locked (1.2s)
  ✓   59 [mobile] › tests/e2e/report-history.spec.ts:126:7 › report history and order recovery › an unpaid order can recover from a direct request without a cookie and does not grant paid access (631ms)
  ✓   60 [mobile] › tests/e2e/report-history.spec.ts:157:7 › report history and order recovery › recovers another visitor from the history page without merging records or changing paid access (402ms)
  ✓   61 [mobile] › tests/e2e/report-history.spec.ts:194:7 › report history and order recovery › isolates visitors and keeps the current identity after invalid or cross-site recovery (621ms)
  ✓   62 [mobile] › tests/e2e/report-history.spec.ts:235:7 › report history and order recovery › limits repeated recovery attempts without issuing a replacement identity (136ms)
  ✓   51 [mobile] › tests/e2e/referral-quiz.spec.ts:38:7 › invitation → actual Chinese quiz → own result → explicit consent survives unavailable storage and analytics (17.9s)
  ✓   63 [mobile] › tests/e2e/share-edges.spec.ts:6:49 › guide generated image, copy, all-balanced privacy and GA zh (2.8s)
  ✓   65 [mobile] › tests/e2e/share-edges.spec.ts:6:49 › guide generated image, copy, all-balanced privacy and GA en (2.5s)
  ✓   66 [mobile] › tests/e2e/share-edges.spec.ts:45:5 › creation can finish after closing; owner management recovers it once (2.6s)
  ✓   67 [mobile] › tests/e2e/share-edges.spec.ts:57:5 › no signed cookie cannot authorize a write (7ms)
  ✓   68 [mobile] › tests/e2e/share-motion.spec.ts:17:5 › public card reveals once; CTA remains outside animated ancestors (899ms)
  ✓   69 [mobile] › tests/e2e/share-motion.spec.ts:46:5 › reduced motion, print, no-JS and 320/720/721 layouts retain complete card (622ms)
  ✓   70 [mobile] › tests/e2e/share.spec.ts:26:37 › share public capability privacy, ownership, retry, PNG and revoke zh (1.7s)
  ✓   71 [mobile] › tests/e2e/share.spec.ts:26:37 › share public capability privacy, ownership, retry, PNG and revoke en (1.2s)
  ✓   72 [mobile] › tests/e2e/share.spec.ts:84:5 › composer handles rapid selection, failed image and clipboard without losing published share (2.5s)
  ✓   73 [mobile] › tests/e2e/visual.spec.ts:9:7 › visual › home (776ms)
  ✓   74 [mobile] › tests/e2e/visual.spec.ts:16:7 › visual › sample result (685ms)
  ✓   75 [mobile] › tests/e2e/visual.spec.ts:22:7 › visual › sample report chapter 2 (681ms)
(node:47399) Warning: The 'NO_COLOR' env is ignored due to the 'FORCE_COLOR' env being set.
(Use `node --trace-warnings ...` to show where the warning was created)
  ✓   76 [desktop] › tests/e2e/analytics.spec.ts:28:7 › analytics › home sends a redacted page view and counts the start CTA (239ms)
  ✓   77 [desktop] › tests/e2e/analytics.spec.ts:39:7 › analytics › opening the header menu is counted with its location (212ms)
  ✓   64 [mobile] › tests/e2e/referral-quiz.spec.ts:38:7 › invitation → actual English cross-locale quiz → own result → explicit consent survives unavailable storage and analytics (16.9s)
(node:47408) Warning: The 'NO_COLOR' env is ignored due to the 'FORCE_COLOR' env being set.
(Use `node --trace-warnings ...` to show where the warning was created)
  ✓   79 [desktop] › tests/e2e/audit-updates.spec.ts:10:7 › review improvements › keeps separate drafts, checks answers and restarts only the chosen version (3.3s)
  ✓   80 [desktop] › tests/e2e/audit-updates.spec.ts:40:7 › review improvements › migrates an existing 32-question browser draft without changing its answers (189ms)
  ✓   78 [desktop] › tests/e2e/analytics.spec.ts:51:7 › analytics › the paid funnel is measured end to end without result IDs or order numbers (15.9s)
  ✓   82 [desktop] › tests/e2e/analytics.spec.ts:104:7 › analytics › the sample report records chapter reading and its closing CTA (409ms)
  ✓   81 [desktop] › tests/e2e/audit-updates.spec.ts:49:7 › review improvements › can finish the quiz when browser storage is blocked (15.1s)
  ✓   83 [desktop] › tests/e2e/compare.spec.ts:44:37 › comparison explicit consent, cross-locale privacy and withdrawal zh (4.6s)
  ✓   85 [desktop] › tests/e2e/compare.spec.ts:44:37 › comparison explicit consent, cross-locale privacy and withdrawal en (4.8s)
  ✓   86 [desktop] › tests/e2e/flow.spec.ts:16:7 › core flow › home renders with the primary CTA and never quotes an amount (148ms)
  ✓   87 [desktop] › tests/e2e/flow.spec.ts:26:7 › core flow › sample result and sample report are reachable (188ms)
  ✓   88 [desktop] › tests/e2e/flow.spec.ts:34:7 › core flow › quiz gates next until an answer is chosen and persists progress across reload (330ms)
  ✓   84 [desktop] › tests/e2e/audit-updates.spec.ts:64:7 › review improvements › completes all 64 questions, persists the version and serves the paid chapters as HTML (6.3s)
  ✓   90 [desktop] › tests/e2e/audit-updates.spec.ts:95:7 › review improvements › unclear results cannot be sold; owners can review answers and keep the old record (913ms)
  ✓   91 [desktop] › tests/e2e/audit-updates.spec.ts:132:7 › review improvements › public pages explain MBTI, score limits and a working support contact (387ms)
  ✓   92 [desktop] › tests/e2e/header-nav.spec.ts:7:7 › header navigation › every menu link stays in the server HTML while the menu is closed (35ms)
  ✓   93 [desktop] › tests/e2e/header-nav.spec.ts:16:7 › header navigation › the menu opens on click and closes on Escape, an outside press and a followed link (562ms)
  ✓   94 [desktop] › tests/e2e/header-nav.spec.ts:54:7 › header navigation › phones show the logo without its tagline while desktop keeps the full lockup (291ms)
  -   95 [desktop] › tests/e2e/header-nav.spec.ts:64:7 › header navigation › the phone header fits narrow screens in both languages
  -   96 [desktop] › tests/e2e/header-nav.spec.ts:78:7 › header navigation › the phone header keeps the logo or back link and both menu labels on one centre line
  ✓   97 [desktop] › tests/e2e/i18n.spec.ts:17:7 › English site › serves English pages with hreflang, while Chinese URLs stay unprefixed (326ms)
  ✓   98 [desktop] › tests/e2e/i18n.spec.ts:39:7 › English site › the header language menu opens the same page in the other language, and locale-bound pages open the other home (1.0s)
  ✓   99 [desktop] › tests/e2e/i18n.spec.ts:71:7 › English site › the English sample report ships all four chapters in the server HTML (10ms)
  ✓   89 [desktop] › tests/e2e/flow.spec.ts:49:7 › core flow › complete quiz → result → mock pay → report chapters (6.1s)
  ✓  101 [desktop] › tests/e2e/flow.spec.ts:83:7 › core flow › the sample closes by inviting the test, not by quoting a price (357ms)
  ✓  102 [desktop] › tests/e2e/flow.spec.ts:104:7 › core flow › the sample report is the real report layout, marked as a sample (157ms)
  ✓  103 [desktop] › tests/e2e/flow.spec.ts:122:7 › core flow › sample report ships every chapter in the server HTML (9ms)
  ✓  104 [desktop] › tests/e2e/flow.spec.ts:138:7 › core flow › report chapters deep-link, switch and keep both insight lists (649ms)
  ✓  100 [desktop] › tests/e2e/i18n.spec.ts:78:7 › English site › English quiz → result → demo payment → English report (3.8s)
  ✓  106 [desktop] › tests/e2e/i18n.spec.ts:99:7 › English site › API errors follow the language of the calling page (89ms)
  ✓  107 [desktop] › tests/e2e/interaction-motion.spec.ts:7:9 › interaction motion: no-preference › question navigation preserves answers and keeps the phone dock inside the viewport (498ms)
  ✓  108 [desktop] › tests/e2e/interaction-motion.spec.ts:44:9 › interaction motion: no-preference › rapid strength switches retain both original lists and align the selected pill (573ms)
  ✓  109 [desktop] › tests/e2e/interaction-motion.spec.ts:81:9 › interaction motion: no-preference › desktop modal stays centered and releases its overlay when closed (1.5s)
  ✓  110 [desktop] › tests/e2e/interaction-motion.spec.ts:7:9 › interaction motion: reduce › question navigation preserves answers and keeps the phone dock inside the viewport (283ms)
  ✓  111 [desktop] › tests/e2e/interaction-motion.spec.ts:44:9 › interaction motion: reduce › rapid strength switches retain both original lists and align the selected pill (228ms)
  ✓  112 [desktop] › tests/e2e/interaction-motion.spec.ts:81:9 › interaction motion: reduce › desktop modal stays centered and releases its overlay when closed (402ms)
  ✓  113 [desktop] › tests/e2e/motion.spec.ts:45:7 › first-round motion › reduced motion keeps home, result and report content complete without animation (438ms)
  ✓  114 [desktop] › tests/e2e/motion.spec.ts:76:7 › first-round motion › a result radar draws when scrolled into view and never repeats on return (1.0s)
  ✓  115 [desktop] › tests/e2e/motion.spec.ts:100:7 › first-round motion › returning to report chapter one keeps the completed radar without replaying it (1.4s)
  ✓  116 [desktop] › tests/e2e/motion.spec.ts:122:7 › first-round motion › rapid chapter changes keep the original panels, selection and URL in sync (253ms)
  ✓  117 [desktop] › tests/e2e/number-motion.spec.ts:7:9 › number motion: no-preference › rapid question jumps show the latest number, with only changed digits moving (1.2s)
  ✓  118 [desktop] › tests/e2e/number-motion.spec.ts:38:9 › number motion: no-preference › switching 32 and 64 items animates the total and restores each draft (448ms)
  ✓  119 [desktop] › tests/e2e/number-motion.spec.ts:7:9 › number motion: reduce › rapid question jumps show the latest number, with only changed digits moving (343ms)
  ✓  120 [desktop] › tests/e2e/number-motion.spec.ts:38:9 › number motion: reduce › switching 32 and 64 items animates the total and restores each draft (428ms)
  ✓  105 [desktop] › tests/e2e/flow.spec.ts:156:7 › core flow › locked report redirects to the result with the unlock sheet (14.4s)
  ✓  122 [desktop] › tests/e2e/flow.spec.ts:166:7 › core flow › API rejects malformed answers and unknown results (149ms)
  ✓  123 [desktop] › tests/e2e/flow.spec.ts:181:7 › core flow › SEO endpoints respond (107ms)
  ✓  121 [desktop] › tests/e2e/paid-pairing.spec.ts:16:34 › paid invitation → own overview → payment → independent consent zh (5.3s)
  ✓  124 [desktop] › tests/e2e/pairing-motion.spec.ts:3:5 › pairing reveals run once, keep actions outside, and settle for motion preferences (849ms)
  ✓  125 [desktop] › tests/e2e/paid-pairing.spec.ts:16:34 › paid invitation → own overview → payment → independent consent en (4.9s)
  ✓  127 [desktop] › tests/e2e/paid-pairing.spec.ts:43:5 › pairing page, narrow widths, no-JS, print and reduced motion (1.0s)
  ✓  128 [desktop] › tests/e2e/paid-pairing.spec.ts:54:5 › owner-only access, strict continuation inputs and closed invite keep personal report (128ms)
  ✓  129 [desktop] › tests/e2e/paid-pairing.spec.ts:69:5 › result docks fit phone breakpoints (28ms)
  ✘  130 [desktop] › tests/e2e/paid-pairing.spec.ts:88:5 › empty center, report entry and recovered order retain separate invitations (823ms)
(node:47783) Warning: The 'NO_COLOR' env is ignored due to the 'FORCE_COLOR' env being set.
(Use `node --trace-warnings ...` to show where the warning was created)
  ✓  131 [desktop] › tests/e2e/report-history.spec.ts:52:7 › report history and order recovery › lists every result, including an older paid report, without depending on local storage (539ms)
  ✓  132 [desktop] › tests/e2e/report-history.spec.ts:90:7 › report history and order recovery › a visitor without a saved session can start a test or recover with an order number (423ms)
  ✓  133 [desktop] › tests/e2e/report-history.spec.ts:100:7 › report history and order recovery › recovering a paid order restores all history while the other result stays locked (1.3s)
  ✓  134 [desktop] › tests/e2e/report-history.spec.ts:126:7 › report history and order recovery › an unpaid order can recover from a direct request without a cookie and does not grant paid access (641ms)
  ✓  135 [desktop] › tests/e2e/report-history.spec.ts:157:7 › report history and order recovery › recovers another visitor from the history page without merging records or changing paid access (452ms)
  ✓  136 [desktop] › tests/e2e/report-history.spec.ts:194:7 › report history and order recovery › isolates visitors and keeps the current identity after invalid or cross-site recovery (391ms)
  ✓  137 [desktop] › tests/e2e/report-history.spec.ts:235:7 › report history and order recovery › limits repeated recovery attempts without issuing a replacement identity (170ms)
  ✓  138 [desktop] › tests/e2e/share-edges.spec.ts:6:49 › guide generated image, copy, all-balanced privacy and GA zh (1.8s)
  ✓  139 [desktop] › tests/e2e/share-edges.spec.ts:6:49 › guide generated image, copy, all-balanced privacy and GA en (1.7s)
  ✓  140 [desktop] › tests/e2e/share-edges.spec.ts:45:5 › creation can finish after closing; owner management recovers it once (1.5s)
  ✓  141 [desktop] › tests/e2e/share-edges.spec.ts:57:5 › no signed cookie cannot authorize a write (11ms)
  ✓  142 [desktop] › tests/e2e/share-motion.spec.ts:17:5 › public card reveals once; CTA remains outside animated ancestors (938ms)
  ✓  126 [desktop] › tests/e2e/referral-quiz.spec.ts:38:7 › invitation → actual Chinese quiz → own result → explicit consent survives unavailable storage and analytics (17.0s)
  ✓  143 [desktop] › tests/e2e/share-motion.spec.ts:46:5 › reduced motion, print, no-JS and 320/720/721 layouts retain complete card (488ms)
  ✓  145 [desktop] › tests/e2e/share.spec.ts:26:37 › share public capability privacy, ownership, retry, PNG and revoke zh (1.6s)
  ✓  146 [desktop] › tests/e2e/share.spec.ts:26:37 › share public capability privacy, ownership, retry, PNG and revoke en (1.6s)
  ✓  147 [desktop] › tests/e2e/share.spec.ts:84:5 › composer handles rapid selection, failed image and clipboard without losing published share (1.7s)
  ✓  148 [desktop] › tests/e2e/visual.spec.ts:9:7 › visual › home (866ms)
  ✓  149 [desktop] › tests/e2e/visual.spec.ts:16:7 › visual › sample result (723ms)
  ✓  150 [desktop] › tests/e2e/visual.spec.ts:22:7 › visual › sample report chapter 2 (724ms)
  ✓  144 [desktop] › tests/e2e/referral-quiz.spec.ts:38:7 › invitation → actual English cross-locale quiz → own result → explicit consent survives unavailable storage and analytics (16.6s)


  1) [mobile] › tests/e2e/paid-pairing.spec.ts:88:5 › empty center, report entry and recovered order retain separate invitations 

    Error: locator.boundingBox: Error: strict mode violation: locator('[data-pairing-continuations]') resolved to 2 elements:
        1) <section data-pairing-continuations="true" class="my-6 border border-line p-5">…</section> aka getByRole('main').getByText('选择要继续的邀请已保存这次续接，支付和恢复身份都不会自动同意配对。继续这次配对 · 1取消继续这次配对 · 2取消')
        2) <section data-pairing-continuations="true" class="my-6 border border-line p-5">…</section> aka getByText('选择要继续的邀请已保存这次续接，支付和恢复身份都不会自动同意配对。继续这次配对 · 1取消继续这次配对 · 2取消').nth(1)

    Call log:
      - waiting for locator('[data-pairing-continuations]')


      119 |   const heading=await g.getByRole('heading',{level:1}).boundingBox();
      120 |   expect(heading!.y+heading!.height).toBeLessThan(g.viewportSize()!.height);
    > 121 |   expect((await g.locator('[data-pairing-continuations]').boundingBox())!.y).toBeGreaterThan(heading!.y);
          |                                                           ^
      122 |   await shot(g,`report-entry-${locale}-${info.project.name}`);
      123 |   await g.screenshot({path:`${evidence}/report-top-${locale}-${info.project.name}.png`});
      124 |   const raw=await (await guest.request.get(`${prefix}/report/${own}`)).text();
        at /Users/lake/work/mine/mirror-mbti/tests/e2e/paid-pairing.spec.ts:121:59

    Error Context: ../../../../../tmp/mirror-pairing-e2e-release/paid-pairing-empty-center--f69be-retain-separate-invitations-mobile/error-context.md

    attachment #2: trace (application/zip) ─────────────────────────────────────────────────────────
    ../../../../../tmp/mirror-pairing-e2e-release/paid-pairing-empty-center--f69be-retain-separate-invitations-mobile/trace.zip
    Usage:

        npx playwright show-trace ../../../../../tmp/mirror-pairing-e2e-release/paid-pairing-empty-center--f69be-retain-separate-invitations-mobile/trace.zip

    ────────────────────────────────────────────────────────────────────────────────────────────────

  2) [desktop] › tests/e2e/paid-pairing.spec.ts:88:5 › empty center, report entry and recovered order retain separate invitations 

    Error: locator.boundingBox: Error: strict mode violation: locator('[data-pairing-continuations]') resolved to 2 elements:
        1) <section data-pairing-continuations="true" class="my-6 border border-line p-5">…</section> aka getByRole('main').getByText('选择要继续的邀请已保存这次续接，支付和恢复身份都不会自动同意配对。继续这次配对 · 1取消继续这次配对 · 2取消')
        2) <section data-pairing-continuations="true" class="my-6 border border-line p-5">…</section> aka getByText('选择要继续的邀请已保存这次续接，支付和恢复身份都不会自动同意配对。继续这次配对 · 1取消继续这次配对 · 2取消').nth(1)

    Call log:
      - waiting for locator('[data-pairing-continuations]')


      119 |   const heading=await g.getByRole('heading',{level:1}).boundingBox();
      120 |   expect(heading!.y+heading!.height).toBeLessThan(g.viewportSize()!.height);
    > 121 |   expect((await g.locator('[data-pairing-continuations]').boundingBox())!.y).toBeGreaterThan(heading!.y);
          |                                                           ^
      122 |   await shot(g,`report-entry-${locale}-${info.project.name}`);
      123 |   await g.screenshot({path:`${evidence}/report-top-${locale}-${info.project.name}.png`});
      124 |   const raw=await (await guest.request.get(`${prefix}/report/${own}`)).text();
        at /Users/lake/work/mine/mirror-mbti/tests/e2e/paid-pairing.spec.ts:121:59

    Error Context: ../../../../../tmp/mirror-pairing-e2e-release/paid-pairing-empty-center--f69be-retain-separate-invitations-desktop/error-context.md

    attachment #2: trace (application/zip) ─────────────────────────────────────────────────────────
    ../../../../../tmp/mirror-pairing-e2e-release/paid-pairing-empty-center--f69be-retain-separate-invitations-desktop/trace.zip
    Usage:

        npx playwright show-trace ../../../../../tmp/mirror-pairing-e2e-release/paid-pairing-empty-center--f69be-retain-separate-invitations-desktop/trace.zip

    ────────────────────────────────────────────────────────────────────────────────────────────────

  2 failed
    [mobile] › tests/e2e/paid-pairing.spec.ts:88:5 › empty center, report entry and recovered order retain separate invitations 
    [desktop] › tests/e2e/paid-pairing.spec.ts:88:5 › empty center, report entry and recovered order retain separate invitations 
  4 skipped
  144 passed (3.0m)
