
Running 136 tests using 2 workers

(node:31374) Warning: The 'NO_COLOR' env is ignored due to the 'FORCE_COLOR' env being set.
(Use `node --trace-warnings ...` to show where the warning was created)
(node:31373) Warning: The 'NO_COLOR' env is ignored due to the 'FORCE_COLOR' env being set.
(Use `node --trace-warnings ...` to show where the warning was created)
  ✓    2 [mobile] › tests/e2e/analytics.spec.ts:28:7 › analytics › home sends a redacted page view and counts the start CTA (1.1s)
  ✓    3 [mobile] › tests/e2e/analytics.spec.ts:39:7 › analytics › opening the header menu is counted with its location (148ms)
  ✓    1 [mobile] › tests/e2e/audit-updates.spec.ts:10:7 › review improvements › keeps separate drafts, checks answers and restarts only the chosen version (6.1s)
  ✓    5 [mobile] › tests/e2e/audit-updates.spec.ts:40:7 › review improvements › migrates an existing 32-question browser draft without changing its answers (172ms)
  ✓    6 [mobile] › tests/e2e/audit-updates.spec.ts:49:7 › review improvements › can finish the quiz when browser storage is blocked (14.7s)
  ✘    4 [mobile] › tests/e2e/analytics.spec.ts:51:7 › analytics › the paid funnel is measured end to end without result IDs or order numbers (26.3s)
(node:31544) Warning: The 'NO_COLOR' env is ignored due to the 'FORCE_COLOR' env being set.
(Use `node --trace-warnings ...` to show where the warning was created)
  ✓    8 [mobile] › tests/e2e/analytics.spec.ts:104:7 › analytics › the sample report records chapter reading and its closing CTA (434ms)
  ✓    9 [mobile] › tests/e2e/compare.spec.ts:44:37 › comparison explicit consent, cross-locale privacy and withdrawal zh (4.9s)
  ✓   10 [mobile] › tests/e2e/compare.spec.ts:44:37 › comparison explicit consent, cross-locale privacy and withdrawal en (5.3s)
  ✓   11 [mobile] › tests/e2e/flow.spec.ts:16:7 › core flow › home renders with the primary CTA and never quotes an amount (120ms)
  ✓   12 [mobile] › tests/e2e/flow.spec.ts:26:7 › core flow › sample result and sample report are reachable (174ms)
  ✓   13 [mobile] › tests/e2e/flow.spec.ts:34:7 › core flow › quiz gates next until an answer is chosen and persists progress across reload (310ms)
  ✓   14 [mobile] › tests/e2e/flow.spec.ts:49:7 › core flow › complete quiz → result → mock pay → report chapters (8.4s)
  ✓   15 [mobile] › tests/e2e/flow.spec.ts:83:7 › core flow › the sample closes by inviting the test, not by quoting a price (377ms)
  ✘   16 [mobile] › tests/e2e/flow.spec.ts:104:7 › core flow › the sample report is the real report layout, marked as a sample (149ms)
(node:31733) Warning: The 'NO_COLOR' env is ignored due to the 'FORCE_COLOR' env being set.
(Use `node --trace-warnings ...` to show where the warning was created)
  ✓   17 [mobile] › tests/e2e/flow.spec.ts:122:7 › core flow › sample report ships every chapter in the server HTML (24ms)
  ✓    7 [mobile] › tests/e2e/audit-updates.spec.ts:64:7 › review improvements › completes all 64 questions, persists the version and serves the paid chapters as HTML (28.2s)
  ✓   18 [mobile] › tests/e2e/flow.spec.ts:138:7 › core flow › report chapters deep-link, switch and keep both insight lists (656ms)
  ✓   19 [mobile] › tests/e2e/audit-updates.spec.ts:95:7 › review improvements › unclear results cannot be sold; owners can review answers and keep the old record (1.1s)
  ✓   21 [mobile] › tests/e2e/audit-updates.spec.ts:132:7 › review improvements › public pages explain MBTI, score limits and a working support contact (440ms)
  ✓   22 [mobile] › tests/e2e/header-nav.spec.ts:7:7 › header navigation › every menu link stays in the server HTML while the menu is closed (33ms)
  ✓   23 [mobile] › tests/e2e/header-nav.spec.ts:16:7 › header navigation › the menu opens on click and closes on Escape, an outside press and a followed link (515ms)
  ✓   24 [mobile] › tests/e2e/header-nav.spec.ts:54:7 › header navigation › phones show the logo without its tagline while desktop keeps the full lockup (290ms)
  ✓   25 [mobile] › tests/e2e/header-nav.spec.ts:64:7 › header navigation › the phone header fits narrow screens in both languages (628ms)
  ✓   26 [mobile] › tests/e2e/header-nav.spec.ts:78:7 › header navigation › the phone header keeps the logo or back link and both menu labels on one centre line (243ms)
  ✓   27 [mobile] › tests/e2e/i18n.spec.ts:17:7 › English site › serves English pages with hreflang, while Chinese URLs stay unprefixed (120ms)
  ✓   28 [mobile] › tests/e2e/i18n.spec.ts:39:7 › English site › the header language menu opens the same page in the other language, and locale-bound pages open the other home (972ms)
  ✓   29 [mobile] › tests/e2e/i18n.spec.ts:71:7 › English site › the English sample report ships all four chapters in the server HTML (7ms)
  ✓   30 [mobile] › tests/e2e/i18n.spec.ts:78:7 › English site › English quiz → result → demo payment → English report (5.0s)
  ✓   31 [mobile] › tests/e2e/i18n.spec.ts:99:7 › English site › API errors follow the language of the calling page (88ms)
  ✓   32 [mobile] › tests/e2e/interaction-motion.spec.ts:7:9 › interaction motion: no-preference › question navigation preserves answers and keeps the phone dock inside the viewport (671ms)
  ✓   33 [mobile] › tests/e2e/interaction-motion.spec.ts:44:9 › interaction motion: no-preference › rapid strength switches retain both original lists and align the selected pill (571ms)
  -   34 [mobile] › tests/e2e/interaction-motion.spec.ts:81:9 › interaction motion: no-preference › desktop modal stays centered and releases its overlay when closed
  ✓   35 [mobile] › tests/e2e/interaction-motion.spec.ts:7:9 › interaction motion: reduce › question navigation preserves answers and keeps the phone dock inside the viewport (341ms)
  ✓   36 [mobile] › tests/e2e/interaction-motion.spec.ts:44:9 › interaction motion: reduce › rapid strength switches retain both original lists and align the selected pill (239ms)
  -   37 [mobile] › tests/e2e/interaction-motion.spec.ts:81:9 › interaction motion: reduce › desktop modal stays centered and releases its overlay when closed
  ✓   38 [mobile] › tests/e2e/motion.spec.ts:45:7 › first-round motion › reduced motion keeps home, result and report content complete without animation (397ms)
  ✓   39 [mobile] › tests/e2e/motion.spec.ts:76:7 › first-round motion › a result radar draws when scrolled into view and never repeats on return (1.1s)
  ✓   20 [mobile] › tests/e2e/flow.spec.ts:156:7 › core flow › locked report redirects to the result with the unlock sheet (13.5s)
  ✓   41 [mobile] › tests/e2e/flow.spec.ts:166:7 › core flow › API rejects malformed answers and unknown results (116ms)
  ✓   40 [mobile] › tests/e2e/motion.spec.ts:100:7 › first-round motion › returning to report chapter one keeps the completed radar without replaying it (1.1s)
  ✓   42 [mobile] › tests/e2e/flow.spec.ts:181:7 › core flow › SEO endpoints respond (149ms)
  ✘   43 [mobile] › tests/e2e/motion.spec.ts:122:7 › first-round motion › rapid chapter changes keep the original panels, selection and URL in sync (272ms)
(node:31791) Warning: The 'NO_COLOR' env is ignored due to the 'FORCE_COLOR' env being set.
(Use `node --trace-warnings ...` to show where the warning was created)
  ✘   45 [mobile] › tests/e2e/referral-quiz.spec.ts:33:7 › invitation → actual Chinese quiz → own result → explicit consent survives unavailable storage and analytics (102ms)
(node:31796) Warning: The 'NO_COLOR' env is ignored due to the 'FORCE_COLOR' env being set.
(Use `node --trace-warnings ...` to show where the warning was created)
  ✘   46 [mobile] › tests/e2e/referral-quiz.spec.ts:33:7 › invitation → actual English cross-locale quiz → own result → explicit consent survives unavailable storage and analytics (108ms)
(node:31801) Warning: The 'NO_COLOR' env is ignored due to the 'FORCE_COLOR' env being set.
(Use `node --trace-warnings ...` to show where the warning was created)
  ✓   44 [mobile] › tests/e2e/number-motion.spec.ts:7:9 › number motion: no-preference › rapid question jumps show the latest number, with only changed digits moving (1.3s)
  ✓   47 [mobile] › tests/e2e/number-motion.spec.ts:38:9 › number motion: no-preference › switching 32 and 64 items animates the total and restores each draft (1.2s)
  ✓   48 [mobile] › tests/e2e/report-history.spec.ts:52:7 › report history and order recovery › lists every result, including an older paid report, without depending on local storage (1.1s)
  ✓   49 [mobile] › tests/e2e/number-motion.spec.ts:7:9 › number motion: reduce › rapid question jumps show the latest number, with only changed digits moving (429ms)
  ✓   50 [mobile] › tests/e2e/report-history.spec.ts:90:7 › report history and order recovery › a visitor without a saved session can start a test or recover with an order number (509ms)
  ✓   51 [mobile] › tests/e2e/number-motion.spec.ts:38:9 › number motion: reduce › switching 32 and 64 items animates the total and restores each draft (498ms)
  ✓   52 [mobile] › tests/e2e/report-history.spec.ts:100:7 › report history and order recovery › recovering a paid order restores all history while the other result stays locked (2.0s)
  ✓   54 [mobile] › tests/e2e/report-history.spec.ts:126:7 › report history and order recovery › an unpaid order can recover from a direct request without a cookie and does not grant paid access (709ms)
  ✓   55 [mobile] › tests/e2e/report-history.spec.ts:157:7 › report history and order recovery › recovers another visitor from the history page without merging records or changing paid access (475ms)
  ✓   53 [mobile] › tests/e2e/share-edges.spec.ts:6:49 › guide generated image, copy, all-balanced privacy and GA zh (2.9s)
  ✓   56 [mobile] › tests/e2e/report-history.spec.ts:194:7 › report history and order recovery › isolates visitors and keeps the current identity after invalid or cross-site recovery (954ms)
  ✓   58 [mobile] › tests/e2e/report-history.spec.ts:235:7 › report history and order recovery › limits repeated recovery attempts without issuing a replacement identity (141ms)
  ✓   59 [mobile] › tests/e2e/share-motion.spec.ts:17:5 › public card reveals once; CTA remains outside animated ancestors (896ms)
  ✓   60 [mobile] › tests/e2e/share-motion.spec.ts:46:5 › reduced motion, print, no-JS and 320/720/721 layouts retain complete card (602ms)
  ✓   57 [mobile] › tests/e2e/share-edges.spec.ts:6:49 › guide generated image, copy, all-balanced privacy and GA en (2.8s)
  ✓   61 [mobile] › tests/e2e/share.spec.ts:26:37 › share public capability privacy, ownership, retry, PNG and revoke zh (1.6s)
  ✓   62 [mobile] › tests/e2e/share-edges.spec.ts:45:5 › creation can finish after closing; owner management recovers it once (2.6s)
  ✓   64 [mobile] › tests/e2e/share-edges.spec.ts:57:5 › no signed cookie cannot authorize a write (12ms)
  ✓   63 [mobile] › tests/e2e/share.spec.ts:26:37 › share public capability privacy, ownership, retry, PNG and revoke en (1.7s)
  ✓   65 [mobile] › tests/e2e/visual.spec.ts:9:7 › visual › home (767ms)
  ✓   67 [mobile] › tests/e2e/visual.spec.ts:16:7 › visual › sample result (658ms)
  ✓   68 [mobile] › tests/e2e/visual.spec.ts:22:7 › visual › sample report chapter 2 (652ms)
(node:31917) Warning: The 'NO_COLOR' env is ignored due to the 'FORCE_COLOR' env being set.
(Use `node --trace-warnings ...` to show where the warning was created)
  ✓   66 [mobile] › tests/e2e/share.spec.ts:84:5 › composer handles rapid selection, failed image and clipboard without losing published share (2.2s)
  ✓   69 [desktop] › tests/e2e/analytics.spec.ts:28:7 › analytics › home sends a redacted page view and counts the start CTA (280ms)
(node:31936) Warning: The 'NO_COLOR' env is ignored due to the 'FORCE_COLOR' env being set.
(Use `node --trace-warnings ...` to show where the warning was created)
  ✓   70 [desktop] › tests/e2e/analytics.spec.ts:39:7 › analytics › opening the header menu is counted with its location (172ms)
  ✓   71 [desktop] › tests/e2e/audit-updates.spec.ts:10:7 › review improvements › keeps separate drafts, checks answers and restarts only the chosen version (2.4s)
  ✓   73 [desktop] › tests/e2e/audit-updates.spec.ts:40:7 › review improvements › migrates an existing 32-question browser draft without changing its answers (165ms)
  ✓   74 [desktop] › tests/e2e/audit-updates.spec.ts:49:7 › review improvements › can finish the quiz when browser storage is blocked (13.5s)
  ✘   72 [desktop] › tests/e2e/analytics.spec.ts:51:7 › analytics › the paid funnel is measured end to end without result IDs or order numbers (25.4s)
(node:32061) Warning: The 'NO_COLOR' env is ignored due to the 'FORCE_COLOR' env being set.
(Use `node --trace-warnings ...` to show where the warning was created)
  ✓   76 [desktop] › tests/e2e/analytics.spec.ts:104:7 › analytics › the sample report records chapter reading and its closing CTA (432ms)
  ✓   77 [desktop] › tests/e2e/compare.spec.ts:44:37 › comparison explicit consent, cross-locale privacy and withdrawal zh (4.9s)
  ✓   78 [desktop] › tests/e2e/compare.spec.ts:44:37 › comparison explicit consent, cross-locale privacy and withdrawal en (4.9s)
  ✓   79 [desktop] › tests/e2e/flow.spec.ts:16:7 › core flow › home renders with the primary CTA and never quotes an amount (166ms)
  ✓   80 [desktop] › tests/e2e/flow.spec.ts:26:7 › core flow › sample result and sample report are reachable (206ms)
  ✓   81 [desktop] › tests/e2e/flow.spec.ts:34:7 › core flow › quiz gates next until an answer is chosen and persists progress across reload (586ms)
  ✓   75 [desktop] › tests/e2e/audit-updates.spec.ts:64:7 › review improvements › completes all 64 questions, persists the version and serves the paid chapters as HTML (27.6s)
  ✓   83 [desktop] › tests/e2e/audit-updates.spec.ts:95:7 › review improvements › unclear results cannot be sold; owners can review answers and keep the old record (1.2s)
  ✓   84 [desktop] › tests/e2e/audit-updates.spec.ts:132:7 › review improvements › public pages explain MBTI, score limits and a working support contact (385ms)
  ✓   85 [desktop] › tests/e2e/header-nav.spec.ts:7:7 › header navigation › every menu link stays in the server HTML while the menu is closed (32ms)
  ✓   86 [desktop] › tests/e2e/header-nav.spec.ts:16:7 › header navigation › the menu opens on click and closes on Escape, an outside press and a followed link (582ms)
  ✓   87 [desktop] › tests/e2e/header-nav.spec.ts:54:7 › header navigation › phones show the logo without its tagline while desktop keeps the full lockup (255ms)
  -   88 [desktop] › tests/e2e/header-nav.spec.ts:64:7 › header navigation › the phone header fits narrow screens in both languages
  -   89 [desktop] › tests/e2e/header-nav.spec.ts:78:7 › header navigation › the phone header keeps the logo or back link and both menu labels on one centre line
  ✓   90 [desktop] › tests/e2e/i18n.spec.ts:17:7 › English site › serves English pages with hreflang, while Chinese URLs stay unprefixed (159ms)
  ✓   91 [desktop] › tests/e2e/i18n.spec.ts:39:7 › English site › the header language menu opens the same page in the other language, and locale-bound pages open the other home (981ms)
  ✓   92 [desktop] › tests/e2e/i18n.spec.ts:71:7 › English site › the English sample report ships all four chapters in the server HTML (11ms)
  ✓   82 [desktop] › tests/e2e/flow.spec.ts:49:7 › core flow › complete quiz → result → mock pay → report chapters (16.9s)
  ✓   94 [desktop] › tests/e2e/flow.spec.ts:83:7 › core flow › the sample closes by inviting the test, not by quoting a price (361ms)
  ✘   95 [desktop] › tests/e2e/flow.spec.ts:104:7 › core flow › the sample report is the real report layout, marked as a sample (146ms)
(node:32800) Warning: The 'NO_COLOR' env is ignored due to the 'FORCE_COLOR' env being set.
(Use `node --trace-warnings ...` to show where the warning was created)
  ✓   96 [desktop] › tests/e2e/flow.spec.ts:122:7 › core flow › sample report ships every chapter in the server HTML (23ms)
  ✓   97 [desktop] › tests/e2e/flow.spec.ts:138:7 › core flow › report chapters deep-link, switch and keep both insight lists (653ms)
  ✓   93 [desktop] › tests/e2e/i18n.spec.ts:78:7 › English site › English quiz → result → demo payment → English report (14.9s)
  ✓   99 [desktop] › tests/e2e/i18n.spec.ts:99:7 › English site › API errors follow the language of the calling page (89ms)
  ✓  100 [desktop] › tests/e2e/interaction-motion.spec.ts:7:9 › interaction motion: no-preference › question navigation preserves answers and keeps the phone dock inside the viewport (500ms)
  ✓  101 [desktop] › tests/e2e/interaction-motion.spec.ts:44:9 › interaction motion: no-preference › rapid strength switches retain both original lists and align the selected pill (584ms)
  ✓  102 [desktop] › tests/e2e/interaction-motion.spec.ts:81:9 › interaction motion: no-preference › desktop modal stays centered and releases its overlay when closed (1.6s)
  ✓  103 [desktop] › tests/e2e/interaction-motion.spec.ts:7:9 › interaction motion: reduce › question navigation preserves answers and keeps the phone dock inside the viewport (267ms)
  ✓  104 [desktop] › tests/e2e/interaction-motion.spec.ts:44:9 › interaction motion: reduce › rapid strength switches retain both original lists and align the selected pill (206ms)
  ✓  105 [desktop] › tests/e2e/interaction-motion.spec.ts:81:9 › interaction motion: reduce › desktop modal stays centered and releases its overlay when closed (374ms)
  ✓  106 [desktop] › tests/e2e/motion.spec.ts:45:7 › first-round motion › reduced motion keeps home, result and report content complete without animation (407ms)
  ✓  107 [desktop] › tests/e2e/motion.spec.ts:76:7 › first-round motion › a result radar draws when scrolled into view and never repeats on return (1.0s)
  ✓  108 [desktop] › tests/e2e/motion.spec.ts:100:7 › first-round motion › returning to report chapter one keeps the completed radar without replaying it (1.4s)
  ✘  109 [desktop] › tests/e2e/motion.spec.ts:122:7 › first-round motion › rapid chapter changes keep the original panels, selection and URL in sync (268ms)
(node:33042) Warning: The 'NO_COLOR' env is ignored due to the 'FORCE_COLOR' env being set.
(Use `node --trace-warnings ...` to show where the warning was created)
  ✓   98 [desktop] › tests/e2e/flow.spec.ts:156:7 › core flow › locked report redirects to the result with the unlock sheet (14.2s)
  ✓  111 [desktop] › tests/e2e/flow.spec.ts:166:7 › core flow › API rejects malformed answers and unknown results (159ms)
  ✓  112 [desktop] › tests/e2e/flow.spec.ts:181:7 › core flow › SEO endpoints respond (115ms)
  ✘  113 [desktop] › tests/e2e/referral-quiz.spec.ts:33:7 › invitation → actual Chinese quiz → own result → explicit consent survives unavailable storage and analytics (72ms)
(node:33075) Warning: The 'NO_COLOR' env is ignored due to the 'FORCE_COLOR' env being set.
(Use `node --trace-warnings ...` to show where the warning was created)
  ✓  110 [desktop] › tests/e2e/number-motion.spec.ts:7:9 › number motion: no-preference › rapid question jumps show the latest number, with only changed digits moving (1.3s)
  ✘  114 [desktop] › tests/e2e/referral-quiz.spec.ts:33:7 › invitation → actual English cross-locale quiz → own result → explicit consent survives unavailable storage and analytics (100ms)
(node:33083) Warning: The 'NO_COLOR' env is ignored due to the 'FORCE_COLOR' env being set.
(Use `node --trace-warnings ...` to show where the warning was created)
  ✓  115 [desktop] › tests/e2e/number-motion.spec.ts:38:9 › number motion: no-preference › switching 32 and 64 items animates the total and restores each draft (867ms)
  ✓  116 [desktop] › tests/e2e/report-history.spec.ts:52:7 › report history and order recovery › lists every result, including an older paid report, without depending on local storage (587ms)
  ✓  117 [desktop] › tests/e2e/number-motion.spec.ts:7:9 › number motion: reduce › rapid question jumps show the latest number, with only changed digits moving (381ms)
  ✓  118 [desktop] › tests/e2e/report-history.spec.ts:90:7 › report history and order recovery › a visitor without a saved session can start a test or recover with an order number (455ms)
  ✓  119 [desktop] › tests/e2e/number-motion.spec.ts:38:9 › number motion: reduce › switching 32 and 64 items animates the total and restores each draft (496ms)
  ✓  120 [desktop] › tests/e2e/report-history.spec.ts:100:7 › report history and order recovery › recovering a paid order restores all history while the other result stays locked (2.1s)
  ✓  121 [desktop] › tests/e2e/share-edges.spec.ts:6:49 › guide generated image, copy, all-balanced privacy and GA zh (2.1s)
  ✓  122 [desktop] › tests/e2e/report-history.spec.ts:126:7 › report history and order recovery › an unpaid order can recover from a direct request without a cookie and does not grant paid access (748ms)
  ✓  124 [desktop] › tests/e2e/report-history.spec.ts:157:7 › report history and order recovery › recovers another visitor from the history page without merging records or changing paid access (585ms)
  ✓  125 [desktop] › tests/e2e/report-history.spec.ts:194:7 › report history and order recovery › isolates visitors and keeps the current identity after invalid or cross-site recovery (748ms)
  ✓  126 [desktop] › tests/e2e/report-history.spec.ts:235:7 › report history and order recovery › limits repeated recovery attempts without issuing a replacement identity (199ms)
  ✓  123 [desktop] › tests/e2e/share-edges.spec.ts:6:49 › guide generated image, copy, all-balanced privacy and GA en (2.3s)
  ✓  127 [desktop] › tests/e2e/share-motion.spec.ts:17:5 › public card reveals once; CTA remains outside animated ancestors (878ms)
  ✓  129 [desktop] › tests/e2e/share-motion.spec.ts:46:5 › reduced motion, print, no-JS and 320/720/721 layouts retain complete card (440ms)
  ✓  128 [desktop] › tests/e2e/share-edges.spec.ts:45:5 › creation can finish after closing; owner management recovers it once (1.5s)
  ✓  131 [desktop] › tests/e2e/share-edges.spec.ts:57:5 › no signed cookie cannot authorize a write (8ms)
  ✓  132 [desktop] › tests/e2e/visual.spec.ts:9:7 › visual › home (864ms)
  ✓  130 [desktop] › tests/e2e/share.spec.ts:26:37 › share public capability privacy, ownership, retry, PNG and revoke zh (1.6s)
  ✓  133 [desktop] › tests/e2e/visual.spec.ts:16:7 › visual › sample result (722ms)
  ✓  135 [desktop] › tests/e2e/visual.spec.ts:22:7 › visual › sample report chapter 2 (700ms)
  ✓  134 [desktop] › tests/e2e/share.spec.ts:26:37 › share public capability privacy, ownership, retry, PNG and revoke en (1.6s)
  ✓  136 [desktop] › tests/e2e/share.spec.ts:84:5 › composer handles rapid selection, failed image and clipboard without losing published share (1.7s)


  1) [mobile] › tests/e2e/analytics.spec.ts:51:7 › analytics › the paid funnel is measured end to end without result IDs or order numbers 

    Error: cta_click {"cta_id":"read_report","cta_location":"payment_success"}

    cta_click {"cta_id":"read_report","cta_location":"payment_success"}

    expect(received).toBe(expected) // Object.is equality

    Expected: true
    Received: false

    Call Log:
    - Timeout 10000ms exceeded while waiting on the predicate

      22 |   await expect
      23 |     .poll(async () => (await events(page, name)).some((event) => Object.entries(params).every(([key, value]) => event.params[key] === value)), { message: `${name} ${JSON.stringify(params)}` })
    > 24 |     .toBe(true);
         |      ^
      25 | }
      26 |
      27 | test.describe("analytics", () => {
        at expectEvent (/Users/lake/work/mine/mirror-mbti/tests/e2e/analytics.spec.ts:24:6)
        at /Users/lake/work/mine/mirror-mbti/tests/e2e/analytics.spec.ts:89:11

    Error Context: test-results/analytics-analytics-the-pa-dafac-result-IDs-or-order-numbers-mobile/error-context.md

    attachment #2: trace (application/zip) ─────────────────────────────────────────────────────────
    test-results/analytics-analytics-the-pa-dafac-result-IDs-or-order-numbers-mobile/trace.zip
    Usage:

        npx playwright show-trace test-results/analytics-analytics-the-pa-dafac-result-IDs-or-order-numbers-mobile/trace.zip

    ────────────────────────────────────────────────────────────────────────────────────────────────

  2) [mobile] › tests/e2e/flow.spec.ts:104:7 › core flow › the sample report is the real report layout, marked as a sample 

    Error: expect(locator).toBeVisible() failed

    Locator: getByText(/这是一份示例/)
    Expected: visible
    Error: strict mode violation: getByText(/这是一份示例/) resolved to 2 elements:
        1) <p class="mt-2 max-w-[560px] text-[12px] leading-[1.9] text-[#6b777d] md:text-[13px]">这是一份示例，用一次 INFJ 的作答生成，展示完整报告的样子。完成测试后，你会读到属于自己的那一…</p> aka getByText('这是一份示例，用一次 INFJ')
        2) <p class="mt-[27px] text-[11px] leading-[2] text-[#a1afb2] md:text-[12px]">这是一份示例报告。选择 32 题或 64 题版本，免费了解自己的四维偏好。</p> aka getByText('这是一份示例报告。选择 32 题或 64')

    Call log:
      - Expect "toBeVisible" getByText(/这是一份示例/) with timeout 10000ms
      - waiting for getByText(/这是一份示例/)


      105 |     await page.goto("/report/sample");
      106 |     // marked as a sample: the notice above the reading, the badge or phone heading row, and the title
    > 107 |     await expect(page.getByText(/这是一份示例/)).toBeVisible();
          |                                            ^
      108 |     await expect(page.getByText("示例报告", { exact: true }).first()).toBeVisible();
      109 |     await expect(page).toHaveTitle(/示例报告/);
      110 |     // same structure as a paid report: four chapter panels behind one chapter switcher
        at /Users/lake/work/mine/mirror-mbti/tests/e2e/flow.spec.ts:107:44

    Error Context: test-results/flow-core-flow-the-sample--23e8e-t-layout-marked-as-a-sample-mobile/error-context.md

    attachment #2: trace (application/zip) ─────────────────────────────────────────────────────────
    test-results/flow-core-flow-the-sample--23e8e-t-layout-marked-as-a-sample-mobile/trace.zip
    Usage:

        npx playwright show-trace test-results/flow-core-flow-the-sample--23e8e-t-layout-marked-as-a-sample-mobile/trace.zip

    ────────────────────────────────────────────────────────────────────────────────────────────────

  3) [mobile] › tests/e2e/motion.spec.ts:122:7 › first-round motion › rapid chapter changes keep the original panels, selection and URL in sync 

    Error: expect(received).toBe(expected) // Object.is equality

    Expected: true
    Received: false

      154 |       expect(state.selectedSidebar).toEqual([state.index]);
      155 |     }
    > 156 |     expect(states.some((state) => state.motionRunning)).toBe(true);
          |                                                         ^
      157 |     await expect(page.locator('[role="tabpanel"]')).toHaveCount(4);
      158 |     await expect(page.locator("#chapter-panel-4")).toBeVisible();
      159 |     await expect(page).toHaveURL(/chapter=4$/);
        at /Users/lake/work/mine/mirror-mbti/tests/e2e/motion.spec.ts:156:57

    Error Context: test-results/motion-first-round-motion--1fc4f-s-selection-and-URL-in-sync-mobile/error-context.md

    attachment #2: trace (application/zip) ─────────────────────────────────────────────────────────
    test-results/motion-first-round-motion--1fc4f-s-selection-and-URL-in-sync-mobile/trace.zip
    Usage:

        npx playwright show-trace test-results/motion-first-round-motion--1fc4f-s-selection-and-URL-in-sync-mobile/trace.zip

    ────────────────────────────────────────────────────────────────────────────────────────────────

  4) [mobile] › tests/e2e/referral-quiz.spec.ts:33:7 › invitation → actual Chinese quiz → own result → explicit consent survives unavailable storage and analytics 

    Error: expect(received).toBe(expected) // Object.is equality

    Expected: 201
    Received: 409

      16 |   const share = (await shareResponse.json()).data;
      17 |   const inviteResponse = await request.post("/api/comparison-invitations", { headers: { origin }, data: { shareId: share.id, consentVersion: "compare-host-v1", requestId: randomUUID() } });
    > 18 |   expect(inviteResponse.status()).toBe(201);
         |                                   ^
      19 |   return (await inviteResponse.json()).data as { token: string; url: string };
      20 | }
      21 | async function complete32(page: Page, en: boolean, token: string) {
        at invitationForHost (/Users/lake/work/mine/mirror-mbti/tests/e2e/referral-quiz.spec.ts:18:35)
        at /Users/lake/work/mine/mirror-mbti/tests/e2e/referral-quiz.spec.ts:35:24

    Error Context: test-results/referral-quiz-invitation-→-99341-lable-storage-and-analytics-mobile/error-context.md

    attachment #2: trace (application/zip) ─────────────────────────────────────────────────────────
    test-results/referral-quiz-invitation-→-99341-lable-storage-and-analytics-mobile/trace.zip
    Usage:

        npx playwright show-trace test-results/referral-quiz-invitation-→-99341-lable-storage-and-analytics-mobile/trace.zip

    ────────────────────────────────────────────────────────────────────────────────────────────────

  5) [mobile] › tests/e2e/referral-quiz.spec.ts:33:7 › invitation → actual English cross-locale quiz → own result → explicit consent survives unavailable storage and analytics 

    Error: expect(received).toBe(expected) // Object.is equality

    Expected: 201
    Received: 409

      16 |   const share = (await shareResponse.json()).data;
      17 |   const inviteResponse = await request.post("/api/comparison-invitations", { headers: { origin }, data: { shareId: share.id, consentVersion: "compare-host-v1", requestId: randomUUID() } });
    > 18 |   expect(inviteResponse.status()).toBe(201);
         |                                   ^
      19 |   return (await inviteResponse.json()).data as { token: string; url: string };
      20 | }
      21 | async function complete32(page: Page, en: boolean, token: string) {
        at invitationForHost (/Users/lake/work/mine/mirror-mbti/tests/e2e/referral-quiz.spec.ts:18:35)
        at /Users/lake/work/mine/mirror-mbti/tests/e2e/referral-quiz.spec.ts:35:24

    Error Context: test-results/referral-quiz-invitation-→-3098f-lable-storage-and-analytics-mobile/error-context.md

    attachment #2: trace (application/zip) ─────────────────────────────────────────────────────────
    test-results/referral-quiz-invitation-→-3098f-lable-storage-and-analytics-mobile/trace.zip
    Usage:

        npx playwright show-trace test-results/referral-quiz-invitation-→-3098f-lable-storage-and-analytics-mobile/trace.zip

    ────────────────────────────────────────────────────────────────────────────────────────────────

  6) [desktop] › tests/e2e/analytics.spec.ts:51:7 › analytics › the paid funnel is measured end to end without result IDs or order numbers 

    Error: cta_click {"cta_id":"read_report","cta_location":"payment_success"}

    cta_click {"cta_id":"read_report","cta_location":"payment_success"}

    expect(received).toBe(expected) // Object.is equality

    Expected: true
    Received: false

    Call Log:
    - Timeout 10000ms exceeded while waiting on the predicate

      22 |   await expect
      23 |     .poll(async () => (await events(page, name)).some((event) => Object.entries(params).every(([key, value]) => event.params[key] === value)), { message: `${name} ${JSON.stringify(params)}` })
    > 24 |     .toBe(true);
         |      ^
      25 | }
      26 |
      27 | test.describe("analytics", () => {
        at expectEvent (/Users/lake/work/mine/mirror-mbti/tests/e2e/analytics.spec.ts:24:6)
        at /Users/lake/work/mine/mirror-mbti/tests/e2e/analytics.spec.ts:89:11

    Error Context: test-results/analytics-analytics-the-pa-dafac-result-IDs-or-order-numbers-desktop/error-context.md

    attachment #2: trace (application/zip) ─────────────────────────────────────────────────────────
    test-results/analytics-analytics-the-pa-dafac-result-IDs-or-order-numbers-desktop/trace.zip
    Usage:

        npx playwright show-trace test-results/analytics-analytics-the-pa-dafac-result-IDs-or-order-numbers-desktop/trace.zip

    ────────────────────────────────────────────────────────────────────────────────────────────────

  7) [desktop] › tests/e2e/flow.spec.ts:104:7 › core flow › the sample report is the real report layout, marked as a sample 

    Error: expect(locator).toBeVisible() failed

    Locator: getByText(/这是一份示例/)
    Expected: visible
    Error: strict mode violation: getByText(/这是一份示例/) resolved to 2 elements:
        1) <p class="mt-2 max-w-[560px] text-[12px] leading-[1.9] text-[#6b777d] md:text-[13px]">这是一份示例，用一次 INFJ 的作答生成，展示完整报告的样子。完成测试后，你会读到属于自己的那一…</p> aka getByText('这是一份示例，用一次 INFJ')
        2) <p class="mt-[27px] text-[11px] leading-[2] text-[#a1afb2] md:text-[12px]">这是一份示例报告。选择 32 题或 64 题版本，免费了解自己的四维偏好。</p> aka getByText('这是一份示例报告。选择 32 题或 64')

    Call log:
      - Expect "toBeVisible" getByText(/这是一份示例/) with timeout 10000ms
      - waiting for getByText(/这是一份示例/)


      105 |     await page.goto("/report/sample");
      106 |     // marked as a sample: the notice above the reading, the badge or phone heading row, and the title
    > 107 |     await expect(page.getByText(/这是一份示例/)).toBeVisible();
          |                                            ^
      108 |     await expect(page.getByText("示例报告", { exact: true }).first()).toBeVisible();
      109 |     await expect(page).toHaveTitle(/示例报告/);
      110 |     // same structure as a paid report: four chapter panels behind one chapter switcher
        at /Users/lake/work/mine/mirror-mbti/tests/e2e/flow.spec.ts:107:44

    Error Context: test-results/flow-core-flow-the-sample--23e8e-t-layout-marked-as-a-sample-desktop/error-context.md

    attachment #2: trace (application/zip) ─────────────────────────────────────────────────────────
    test-results/flow-core-flow-the-sample--23e8e-t-layout-marked-as-a-sample-desktop/trace.zip
    Usage:

        npx playwright show-trace test-results/flow-core-flow-the-sample--23e8e-t-layout-marked-as-a-sample-desktop/trace.zip

    ────────────────────────────────────────────────────────────────────────────────────────────────

  8) [desktop] › tests/e2e/motion.spec.ts:122:7 › first-round motion › rapid chapter changes keep the original panels, selection and URL in sync 

    Error: expect(received).toBe(expected) // Object.is equality

    Expected: true
    Received: false

      154 |       expect(state.selectedSidebar).toEqual([state.index]);
      155 |     }
    > 156 |     expect(states.some((state) => state.motionRunning)).toBe(true);
          |                                                         ^
      157 |     await expect(page.locator('[role="tabpanel"]')).toHaveCount(4);
      158 |     await expect(page.locator("#chapter-panel-4")).toBeVisible();
      159 |     await expect(page).toHaveURL(/chapter=4$/);
        at /Users/lake/work/mine/mirror-mbti/tests/e2e/motion.spec.ts:156:57

    Error Context: test-results/motion-first-round-motion--1fc4f-s-selection-and-URL-in-sync-desktop/error-context.md

    attachment #2: trace (application/zip) ─────────────────────────────────────────────────────────
    test-results/motion-first-round-motion--1fc4f-s-selection-and-URL-in-sync-desktop/trace.zip
    Usage:

        npx playwright show-trace test-results/motion-first-round-motion--1fc4f-s-selection-and-URL-in-sync-desktop/trace.zip

    ────────────────────────────────────────────────────────────────────────────────────────────────

  9) [desktop] › tests/e2e/referral-quiz.spec.ts:33:7 › invitation → actual Chinese quiz → own result → explicit consent survives unavailable storage and analytics 

    Error: expect(received).toBe(expected) // Object.is equality

    Expected: 201
    Received: 409

      16 |   const share = (await shareResponse.json()).data;
      17 |   const inviteResponse = await request.post("/api/comparison-invitations", { headers: { origin }, data: { shareId: share.id, consentVersion: "compare-host-v1", requestId: randomUUID() } });
    > 18 |   expect(inviteResponse.status()).toBe(201);
         |                                   ^
      19 |   return (await inviteResponse.json()).data as { token: string; url: string };
      20 | }
      21 | async function complete32(page: Page, en: boolean, token: string) {
        at invitationForHost (/Users/lake/work/mine/mirror-mbti/tests/e2e/referral-quiz.spec.ts:18:35)
        at /Users/lake/work/mine/mirror-mbti/tests/e2e/referral-quiz.spec.ts:35:24

    Error Context: test-results/referral-quiz-invitation-→-99341-lable-storage-and-analytics-desktop/error-context.md

    attachment #2: trace (application/zip) ─────────────────────────────────────────────────────────
    test-results/referral-quiz-invitation-→-99341-lable-storage-and-analytics-desktop/trace.zip
    Usage:

        npx playwright show-trace test-results/referral-quiz-invitation-→-99341-lable-storage-and-analytics-desktop/trace.zip

    ────────────────────────────────────────────────────────────────────────────────────────────────

  10) [desktop] › tests/e2e/referral-quiz.spec.ts:33:7 › invitation → actual English cross-locale quiz → own result → explicit consent survives unavailable storage and analytics 

    Error: expect(received).toBe(expected) // Object.is equality

    Expected: 201
    Received: 409

      16 |   const share = (await shareResponse.json()).data;
      17 |   const inviteResponse = await request.post("/api/comparison-invitations", { headers: { origin }, data: { shareId: share.id, consentVersion: "compare-host-v1", requestId: randomUUID() } });
    > 18 |   expect(inviteResponse.status()).toBe(201);
         |                                   ^
      19 |   return (await inviteResponse.json()).data as { token: string; url: string };
      20 | }
      21 | async function complete32(page: Page, en: boolean, token: string) {
        at invitationForHost (/Users/lake/work/mine/mirror-mbti/tests/e2e/referral-quiz.spec.ts:18:35)
        at /Users/lake/work/mine/mirror-mbti/tests/e2e/referral-quiz.spec.ts:35:24

    Error Context: test-results/referral-quiz-invitation-→-3098f-lable-storage-and-analytics-desktop/error-context.md

    attachment #2: trace (application/zip) ─────────────────────────────────────────────────────────
    test-results/referral-quiz-invitation-→-3098f-lable-storage-and-analytics-desktop/trace.zip
    Usage:

        npx playwright show-trace test-results/referral-quiz-invitation-→-3098f-lable-storage-and-analytics-desktop/trace.zip

    ────────────────────────────────────────────────────────────────────────────────────────────────

  10 failed
    [mobile] › tests/e2e/analytics.spec.ts:51:7 › analytics › the paid funnel is measured end to end without result IDs or order numbers 
    [mobile] › tests/e2e/flow.spec.ts:104:7 › core flow › the sample report is the real report layout, marked as a sample 
    [mobile] › tests/e2e/motion.spec.ts:122:7 › first-round motion › rapid chapter changes keep the original panels, selection and URL in sync 
    [mobile] › tests/e2e/referral-quiz.spec.ts:33:7 › invitation → actual Chinese quiz → own result → explicit consent survives unavailable storage and analytics 
    [mobile] › tests/e2e/referral-quiz.spec.ts:33:7 › invitation → actual English cross-locale quiz → own result → explicit consent survives unavailable storage and analytics 
    [desktop] › tests/e2e/analytics.spec.ts:51:7 › analytics › the paid funnel is measured end to end without result IDs or order numbers 
    [desktop] › tests/e2e/flow.spec.ts:104:7 › core flow › the sample report is the real report layout, marked as a sample 
    [desktop] › tests/e2e/motion.spec.ts:122:7 › first-round motion › rapid chapter changes keep the original panels, selection and URL in sync 
    [desktop] › tests/e2e/referral-quiz.spec.ts:33:7 › invitation → actual Chinese quiz → own result → explicit consent survives unavailable storage and analytics 
    [desktop] › tests/e2e/referral-quiz.spec.ts:33:7 › invitation → actual English cross-locale quiz → own result → explicit consent survives unavailable storage and analytics 
  4 skipped
  122 passed (2.7m)
