
> mirror-mbti@0.1.0 typecheck
> next typegen && tsc --noEmit

Generating route types...
✓ Types generated successfully

> mirror-mbti@0.1.0 lint
> eslint


> mirror-mbti@0.1.0 test
> vitest run

(!) Your Vite config uses features that are unsupported by `configLoader: 'native'`, which is planned to become the default in a future major version of Vite:
  - `__dirname` (vitest.config.mts:11:35). Use `import.meta.dirname` instead
Set `VITE_CONFIG_NATIVE_IGNORE_WARNING=true` to suppress this warning.

 RUN  v5.0.0 /Users/lake/work/mine/mirror-mbti


 Test Files  9 passed (9)
      Tests  97 passed (97)
   Start at  17:13:35
   Duration  362ms (import 50%, transform 38%, tests 10%, worker 2%)


> mirror-mbti@0.1.0 build
> next build --webpack

▲ Next.js 16.3.4 (webpack)
- Environments: .env
✓ Running next.config.ts took 16ms
- Cache Components enabled
- Experiments (use with caution):
  ✓ inlineCss
  · optimizePackageImports

  Creating an optimized production build ...
✓ Compiled successfully in 4.1s
  Running TypeScript ...
  Finished TypeScript in 1633ms ...
  Collecting page data using 9 workers ...
  Generating static pages using 9 workers (0/65) ...
  Generating static pages using 9 workers (16/65) 
  Generating static pages using 9 workers (32/65) 
  Generating static pages using 9 workers (48/65) 
✓ Generating static pages using 9 workers (65/65) in 1029ms
  Finalizing page optimization ...
  Collecting build traces ...

Route (app)
┌ ○ /
├ ○ /_not-found
├ ○ /about
├ ƒ /api/health
├ ƒ /api/orders
├ ƒ /api/orders/[id]
├ ƒ /api/orders/[id]/mock-pay
├ ƒ /api/payments/wechat/notify
├ ƒ /api/reports/recover
├ ƒ /api/results
├ ƒ /api/results/[id]
├ ƒ /api/results/[id]/answers
├ ƒ /api/wechat/jsconfig
├ ƒ /api/wechat/oauth
├ ƒ /api/wechat/oauth/callback
├ ○ /apple-icon
├ ○ /help
├ ○ /icon
├ ○ /manifest.webmanifest
├ ◐ /my/report
├ ƒ /opengraph-image
├   /pay/[orderId]
│ └ ◐ /pay/[orderId]
├ ○ /preferences
├ ○ /privacy
├ ○ /quiz
├   /report/[id]
│ ├ ◐ /report/[id]
│ └ ○ /report/sample
├   /result/[id]
│ ├ ◐ /result/[id]
│ └ ○ /result/sample
├ ƒ /result/[id]/opengraph-image
├ ○ /robots.txt
├ ○ /sitemap.xml
├ ○ /terms
├ ○ /types
├   /types/[type]
│ ├ ◐ /types/[type]
│ ├ ○ /types/INFJ
│ ├ ○ /types/INFP
│ └ ◐ [+14 more paths]
└ ƒ /types/[type]/opengraph-image


ƒ Proxy (Middleware)

○  (Static)             prerendered as static content
◐  (Partial Prerender)  prerendered as static HTML with dynamic server-streamed content
ƒ  (Dynamic)            server-rendered on demand


> mirror-mbti@0.1.0 postbuild
> node scripts/prepare-standalone.mjs

standalone ready: .next/standalone (static + public copied)
