
> mirror-mbti@0.1.0 test:e2e
> playwright test


Running 54 tests using 5 workers

(node:72875) Warning: The 'NO_COLOR' env is ignored due to the 'FORCE_COLOR' env being set.
(Use `node --trace-warnings ...` to show where the warning was created)
(node:72874) Warning: The 'NO_COLOR' env is ignored due to the 'FORCE_COLOR' env being set.
(Use `node --trace-warnings ...` to show where the warning was created)
(node:72873) Warning: The 'NO_COLOR' env is ignored due to the 'FORCE_COLOR' env being set.
(Use `node --trace-warnings ...` to show where the warning was created)
(node:72872) Warning: The 'NO_COLOR' env is ignored due to the 'FORCE_COLOR' env being set.
(Use `node --trace-warnings ...` to show where the warning was created)
(node:72871) Warning: The 'NO_COLOR' env is ignored due to the 'FORCE_COLOR' env being set.
(Use `node --trace-warnings ...` to show where the warning was created)
  ✓   5 [mobile] › tests/e2e/flow.spec.ts:16:7 › core flow › home renders with the primary CTA and price (4.2s)
  ✓   1 [mobile] › tests/e2e/visual.spec.ts:9:7 › visual › home (4.8s)
  ✓   6 [mobile] › tests/e2e/flow.spec.ts:23:7 › core flow › sample result and sample report are reachable (629ms)
  ✓   3 [mobile] › tests/e2e/report-history.spec.ts:52:7 › report history and order recovery › lists every result, including an older paid report, without depending on local storage (5.3s)
  ✓   8 [mobile] › tests/e2e/flow.spec.ts:31:7 › core flow › quiz gates next until an answer is chosen and persists progress across reload (840ms)
  ✓   7 [mobile] › tests/e2e/visual.spec.ts:16:7 › visual › sample result (873ms)
  ✓   9 [mobile] › tests/e2e/report-history.spec.ts:81:7 › report history and order recovery › a visitor without a saved session can start a test or recover with an order number (543ms)
  ✓   2 [desktop] › tests/e2e/audit-updates.spec.ts:10:7 › review improvements › keeps separate drafts, checks answers and restarts only the chosen version (5.9s)
  ✓  13 [desktop] › tests/e2e/audit-updates.spec.ts:40:7 › review improvements › migrates an existing 32-question browser draft without changing its answers (255ms)
  ✓  11 [mobile] › tests/e2e/visual.spec.ts:22:7 › visual › sample report chapter 2 (806ms)
(node:73002) Warning: The 'NO_COLOR' env is ignored due to the 'FORCE_COLOR' env being set.
(Use `node --trace-warnings ...` to show where the warning was created)
  ✓  15 [desktop] › tests/e2e/flow.spec.ts:16:7 › core flow › home renders with the primary CTA and price (418ms)
  ✓  16 [desktop] › tests/e2e/flow.spec.ts:23:7 › core flow › sample result and sample report are reachable (221ms)
  ✓  17 [desktop] › tests/e2e/flow.spec.ts:31:7 › core flow › quiz gates next until an answer is chosen and persists progress across reload (633ms)
  ✓   4 [mobile] › tests/e2e/audit-updates.spec.ts:10:7 › review improvements › keeps separate drafts, checks answers and restarts only the chosen version (9.1s)
  ✓  12 [mobile] › tests/e2e/report-history.spec.ts:91:7 › report history and order recovery › recovering a paid order restores all history while the other result stays locked (3.4s)
  ✓  19 [mobile] › tests/e2e/audit-updates.spec.ts:40:7 › review improvements › migrates an existing 32-question browser draft without changing its answers (211ms)
  ✓  20 [mobile] › tests/e2e/report-history.spec.ts:117:7 › report history and order recovery › an unpaid order can recover from a direct request without a cookie and does not grant paid access (863ms)
  ✓  22 [mobile] › tests/e2e/report-history.spec.ts:148:7 › report history and order recovery › recovers another visitor from the history page without merging records or changing paid access (1.7s)
  ✓  23 [mobile] › tests/e2e/report-history.spec.ts:185:7 › report history and order recovery › isolates visitors and keeps the current identity after invalid or cross-site recovery (1.1s)
  ✓  24 [mobile] › tests/e2e/report-history.spec.ts:226:7 › report history and order recovery › limits repeated recovery attempts without issuing a replacement identity (208ms)
(node:73025) Warning: The 'NO_COLOR' env is ignored due to the 'FORCE_COLOR' env being set.
(Use `node --trace-warnings ...` to show where the warning was created)
  ✓  25 [desktop] › tests/e2e/report-history.spec.ts:52:7 › report history and order recovery › lists every result, including an older paid report, without depending on local storage (967ms)
  ✓  26 [desktop] › tests/e2e/report-history.spec.ts:81:7 › report history and order recovery › a visitor without a saved session can start a test or recover with an order number (188ms)
  ✓  27 [desktop] › tests/e2e/report-history.spec.ts:91:7 › report history and order recovery › recovering a paid order restores all history while the other result stays locked (2.4s)
  ✓  28 [desktop] › tests/e2e/report-history.spec.ts:117:7 › report history and order recovery › an unpaid order can recover from a direct request without a cookie and does not grant paid access (871ms)
  ✓  29 [desktop] › tests/e2e/report-history.spec.ts:148:7 › report history and order recovery › recovers another visitor from the history page without merging records or changing paid access (1.6s)
  ✓  14 [desktop] › tests/e2e/audit-updates.spec.ts:49:7 › review improvements › can finish the quiz when browser storage is blocked (13.6s)
  ✓  30 [desktop] › tests/e2e/report-history.spec.ts:185:7 › report history and order recovery › isolates visitors and keeps the current identity after invalid or cross-site recovery (1.1s)
  ✓  32 [desktop] › tests/e2e/report-history.spec.ts:226:7 › report history and order recovery › limits repeated recovery attempts without issuing a replacement identity (223ms)
  ✓  33 [desktop] › tests/e2e/visual.spec.ts:9:7 › visual › home (850ms)
  ✓  34 [desktop] › tests/e2e/visual.spec.ts:16:7 › visual › sample result (807ms)
  ✓  21 [mobile] › tests/e2e/audit-updates.spec.ts:49:7 › review improvements › can finish the quiz when browser storage is blocked (13.5s)
  ✓  35 [desktop] › tests/e2e/visual.spec.ts:22:7 › visual › sample report chapter 2 (746ms)
  ✓  18 [desktop] › tests/e2e/flow.spec.ts:46:7 › core flow › complete quiz → result → mock pay → report chapters (15.6s)
  ✓  10 [mobile] › tests/e2e/flow.spec.ts:46:7 › core flow › complete quiz → result → mock pay → report chapters (18.4s)
  ✓  37 [desktop] › tests/e2e/flow.spec.ts:80:7 › core flow › the sample closes by inviting the test, not by quoting a price (345ms)
  ✓  39 [desktop] › tests/e2e/flow.spec.ts:100:7 › core flow › the sample report is the real report layout, marked as a sample (199ms)
  ✓  40 [desktop] › tests/e2e/flow.spec.ts:118:7 › core flow › sample report ships every chapter in the server HTML (31ms)
  ✓  38 [mobile] › tests/e2e/flow.spec.ts:80:7 › core flow › the sample closes by inviting the test, not by quoting a price (398ms)
  ✓  42 [mobile] › tests/e2e/flow.spec.ts:100:7 › core flow › the sample report is the real report layout, marked as a sample (210ms)
  ✓  43 [mobile] › tests/e2e/flow.spec.ts:118:7 › core flow › sample report ships every chapter in the server HTML (19ms)
  ✓  41 [desktop] › tests/e2e/flow.spec.ts:134:7 › core flow › report chapters deep-link, switch and keep both insight lists (604ms)
  ✓  44 [mobile] › tests/e2e/flow.spec.ts:134:7 › core flow › report chapters deep-link, switch and keep both insight lists (576ms)
  ✓  45 [desktop] › tests/e2e/flow.spec.ts:152:7 › core flow › locked report redirects to the result with the unlock sheet (14.0s)
  ✓  47 [desktop] › tests/e2e/flow.spec.ts:162:7 › core flow › API rejects malformed answers and unknown results (180ms)
  ✓  46 [mobile] › tests/e2e/flow.spec.ts:152:7 › core flow › locked report redirects to the result with the unlock sheet (14.0s)
  ✓  48 [desktop] › tests/e2e/flow.spec.ts:177:7 › core flow › SEO endpoints respond (308ms)
  ✓  49 [mobile] › tests/e2e/flow.spec.ts:162:7 › core flow › API rejects malformed answers and unknown results (286ms)
  ✓  50 [mobile] › tests/e2e/flow.spec.ts:177:7 › core flow › SEO endpoints respond (130ms)
  ✓  31 [desktop] › tests/e2e/audit-updates.spec.ts:64:7 › review improvements › completes all 64 questions, persists the version and serves the paid chapters as HTML (26.8s)
  ✓  51 [desktop] › tests/e2e/audit-updates.spec.ts:95:7 › review improvements › unclear results cannot be sold; owners can review answers and keep the old record (1.2s)
  ✓  52 [desktop] › tests/e2e/audit-updates.spec.ts:132:7 › review improvements › public pages explain MBTI, score limits and a working support contact (436ms)
  ✓  36 [mobile] › tests/e2e/audit-updates.spec.ts:64:7 › review improvements › completes all 64 questions, persists the version and serves the paid chapters as HTML (26.8s)
  ✓  53 [mobile] › tests/e2e/audit-updates.spec.ts:95:7 › review improvements › unclear results cannot be sold; owners can review answers and keep the old record (1.4s)
  ✓  54 [mobile] › tests/e2e/audit-updates.spec.ts:132:7 › review improvements › public pages explain MBTI, score limits and a working support contact (455ms)

  54 passed (52.2s)
