
> mirror-mbti@0.1.0 test:e2e
> playwright test --output=/tmp/mirror-share-final2-e2e


Running 136 tests using 5 workers

(node:18532) Warning: The 'NO_COLOR' env is ignored due to the 'FORCE_COLOR' env being set.
(Use `node --trace-warnings ...` to show where the warning was created)
(node:18531) Warning: The 'NO_COLOR' env is ignored due to the 'FORCE_COLOR' env being set.
(Use `node --trace-warnings ...` to show where the warning was created)
(node:18533) Warning: The 'NO_COLOR' env is ignored due to the 'FORCE_COLOR' env being set.
(Use `node --trace-warnings ...` to show where the warning was created)
(node:18530) Warning: The 'NO_COLOR' env is ignored due to the 'FORCE_COLOR' env being set.
(Use `node --trace-warnings ...` to show where the warning was created)
(node:18534) Warning: The 'NO_COLOR' env is ignored due to the 'FORCE_COLOR' env being set.
(Use `node --trace-warnings ...` to show where the warning was created)
  ✓    2 [mobile] › tests/e2e/header-nav.spec.ts:7:7 › header navigation › every menu link stays in the server HTML while the menu is closed (124ms)
  ✓    5 [mobile] › tests/e2e/flow.spec.ts:16:7 › core flow › home renders with the primary CTA and price (1.5s)
  ✓    4 [mobile] › tests/e2e/analytics.spec.ts:28:7 › analytics › home sends a redacted page view and counts the start CTA (1.6s)
  ✓    7 [mobile] › tests/e2e/flow.spec.ts:23:7 › core flow › sample result and sample report are reachable (436ms)
  ✓    8 [mobile] › tests/e2e/analytics.spec.ts:39:7 › analytics › opening the header menu is counted with its location (375ms)
  ✓    6 [mobile] › tests/e2e/header-nav.spec.ts:16:7 › header navigation › the menu opens on click and closes on Escape, an outside press and a followed link (1.9s)
  ✓   11 [mobile] › tests/e2e/header-nav.spec.ts:54:7 › header navigation › phones show the logo without its tagline while desktop keeps the full lockup (407ms)
  ✓    9 [mobile] › tests/e2e/flow.spec.ts:31:7 › core flow › quiz gates next until an answer is chosen and persists progress across reload (837ms)
  ✓   12 [mobile] › tests/e2e/header-nav.spec.ts:64:7 › header navigation › the phone header fits narrow screens in both languages (912ms)
  ✓   14 [mobile] › tests/e2e/header-nav.spec.ts:78:7 › header navigation › the phone header keeps the logo or back link and both menu labels on one centre line (292ms)
  ✓   15 [mobile] › tests/e2e/i18n.spec.ts:17:7 › English site › serves English pages with hreflang, while Chinese URLs stay unprefixed (142ms)
  ✓   16 [mobile] › tests/e2e/i18n.spec.ts:39:7 › English site › the header language menu opens the same page in the other language, and locale-bound pages open the other home (1.0s)
  ✓   17 [mobile] › tests/e2e/i18n.spec.ts:71:7 › English site › the English sample report ships all four chapters in the server HTML (13ms)
  ✓    3 [mobile] › tests/e2e/audit-updates.spec.ts:10:7 › review improvements › keeps separate drafts, checks answers and restarts only the chosen version (6.9s)
  ✓   19 [mobile] › tests/e2e/audit-updates.spec.ts:40:7 › review improvements › migrates an existing 32-question browser draft without changing its answers (170ms)
  ✓    1 [mobile] › tests/e2e/compare.spec.ts:37:37 › comparison explicit consent, cross-locale privacy and withdrawal zh (7.3s)
  ✓   21 [mobile] › tests/e2e/compare.spec.ts:37:37 › comparison explicit consent, cross-locale privacy and withdrawal en (4.8s)
  ✓   22 [mobile] › tests/e2e/interaction-motion.spec.ts:7:9 › interaction motion: no-preference › question navigation preserves answers and keeps the phone dock inside the viewport (714ms)
  ✓   23 [mobile] › tests/e2e/interaction-motion.spec.ts:44:9 › interaction motion: no-preference › rapid strength switches retain both original lists and align the selected pill (591ms)
  -   24 [mobile] › tests/e2e/interaction-motion.spec.ts:81:9 › interaction motion: no-preference › desktop modal stays centered and releases its overlay when closed
  ✓   25 [mobile] › tests/e2e/interaction-motion.spec.ts:7:9 › interaction motion: reduce › question navigation preserves answers and keeps the phone dock inside the viewport (357ms)
  ✓   26 [mobile] › tests/e2e/interaction-motion.spec.ts:44:9 › interaction motion: reduce › rapid strength switches retain both original lists and align the selected pill (226ms)
  -   27 [mobile] › tests/e2e/interaction-motion.spec.ts:81:9 › interaction motion: reduce › desktop modal stays centered and releases its overlay when closed
  ✓   28 [mobile] › tests/e2e/motion.spec.ts:45:7 › first-round motion › reduced motion keeps home, result and report content complete without animation (421ms)
  ✓   29 [mobile] › tests/e2e/motion.spec.ts:76:7 › first-round motion › a result radar draws when scrolled into view and never repeats on return (1.0s)
  ✓   30 [mobile] › tests/e2e/motion.spec.ts:100:7 › first-round motion › returning to report chapter one keeps the completed radar without replaying it (1.4s)
  ✓   31 [mobile] › tests/e2e/motion.spec.ts:122:7 › first-round motion › rapid chapter changes keep the original panels, selection and URL in sync (270ms)
  ✓   32 [mobile] › tests/e2e/number-motion.spec.ts:7:9 › number motion: no-preference › rapid question jumps show the latest number, with only changed digits moving (1.3s)
  ✓   10 [mobile] › tests/e2e/analytics.spec.ts:51:7 › analytics › the paid funnel is measured end to end without result IDs or order numbers (16.9s)
  ✓   34 [mobile] › tests/e2e/analytics.spec.ts:104:7 › analytics › the sample report records chapter reading and its closing CTA (404ms)
  ✓   33 [mobile] › tests/e2e/number-motion.spec.ts:38:9 › number motion: no-preference › switching 32 and 64 items animates the total and restores each draft (1.2s)
  ✓   36 [mobile] › tests/e2e/number-motion.spec.ts:7:9 › number motion: reduce › rapid question jumps show the latest number, with only changed digits moving (450ms)
  ✓   37 [mobile] › tests/e2e/number-motion.spec.ts:38:9 › number motion: reduce › switching 32 and 64 items animates the total and restores each draft (480ms)
  ✓   20 [mobile] › tests/e2e/audit-updates.spec.ts:49:7 › review improvements › can finish the quiz when browser storage is blocked (14.2s)
  ✓   13 [mobile] › tests/e2e/flow.spec.ts:46:7 › core flow › complete quiz → result → mock pay → report chapters (18.7s)
  ✓   38 [mobile] › tests/e2e/report-history.spec.ts:52:7 › report history and order recovery › lists every result, including an older paid report, without depending on local storage (833ms)
  ✓   18 [mobile] › tests/e2e/i18n.spec.ts:78:7 › English site › English quiz → result → demo payment → English report (16.8s)
  ✓   42 [mobile] › tests/e2e/i18n.spec.ts:98:7 › English site › API errors follow the language of the calling page (149ms)
  ✓   40 [mobile] › tests/e2e/flow.spec.ts:80:7 › core flow › the sample closes by inviting the test, not by quoting a price (448ms)
  ✓   41 [mobile] › tests/e2e/report-history.spec.ts:90:7 › report history and order recovery › a visitor without a saved session can start a test or recover with an order number (555ms)
  ✓   44 [mobile] › tests/e2e/flow.spec.ts:100:7 › core flow › the sample report is the real report layout, marked as a sample (174ms)
  ✓   46 [mobile] › tests/e2e/flow.spec.ts:118:7 › core flow › sample report ships every chapter in the server HTML (21ms)
  ✓   47 [mobile] › tests/e2e/flow.spec.ts:134:7 › core flow › report chapters deep-link, switch and keep both insight lists (719ms)
  ✓   45 [mobile] › tests/e2e/report-history.spec.ts:100:7 › report history and order recovery › recovering a paid order restores all history while the other result stays locked (2.1s)
  ✓   43 [mobile] › tests/e2e/share-edges.spec.ts:6:49 › guide generated image, copy, all-balanced privacy and GA zh (2.5s)
  ✓   49 [mobile] › tests/e2e/report-history.spec.ts:126:7 › report history and order recovery › an unpaid order can recover from a direct request without a cookie and does not grant paid access (492ms)
  ✓   51 [mobile] › tests/e2e/report-history.spec.ts:157:7 › report history and order recovery › recovers another visitor from the history page without merging records or changing paid access (1.1s)
  ✓   52 [mobile] › tests/e2e/report-history.spec.ts:194:7 › report history and order recovery › isolates visitors and keeps the current identity after invalid or cross-site recovery (493ms)
  ✓   53 [mobile] › tests/e2e/report-history.spec.ts:235:7 › report history and order recovery › limits repeated recovery attempts without issuing a replacement identity (195ms)
  ✓   50 [mobile] › tests/e2e/share-edges.spec.ts:6:49 › guide generated image, copy, all-balanced privacy and GA en (2.3s)
  ✓   54 [mobile] › tests/e2e/share-motion.spec.ts:17:5 › public card reveals once; CTA remains outside animated ancestors (910ms)
  ✓   56 [mobile] › tests/e2e/share-motion.spec.ts:46:5 › reduced motion, print, no-JS and 320/720/721 layouts retain complete card (607ms)
  ✓   55 [mobile] › tests/e2e/share-edges.spec.ts:43:5 › creation can finish after closing; owner management recovers it once (2.6s)
  ✓   58 [mobile] › tests/e2e/share-edges.spec.ts:55:5 › no signed cookie cannot authorize a write (8ms)
  ✓   57 [mobile] › tests/e2e/share.spec.ts:26:37 › share public capability privacy, ownership, retry, PNG and revoke zh (1.7s)
  ✓   59 [mobile] › tests/e2e/visual.spec.ts:9:7 › visual › home (737ms)
  ✓   61 [mobile] › tests/e2e/visual.spec.ts:16:7 › visual › sample result (680ms)
  ✓   60 [mobile] › tests/e2e/share.spec.ts:26:37 › share public capability privacy, ownership, retry, PNG and revoke en (1.7s)
  ✓   62 [mobile] › tests/e2e/visual.spec.ts:22:7 › visual › sample report chapter 2 (660ms)
(node:18906) Warning: The 'NO_COLOR' env is ignored due to the 'FORCE_COLOR' env being set.
(Use `node --trace-warnings ...` to show where the warning was created)
  ✓   64 [desktop] › tests/e2e/analytics.spec.ts:28:7 › analytics › home sends a redacted page view and counts the start CTA (361ms)
  ✓   65 [desktop] › tests/e2e/analytics.spec.ts:39:7 › analytics › opening the header menu is counted with its location (205ms)
  ✓   63 [mobile] › tests/e2e/share.spec.ts:82:5 › composer handles rapid selection, failed image and clipboard without losing published share (2.4s)
(node:18925) Warning: The 'NO_COLOR' env is ignored due to the 'FORCE_COLOR' env being set.
(Use `node --trace-warnings ...` to show where the warning was created)
  ✓   48 [mobile] › tests/e2e/flow.spec.ts:152:7 › core flow › locked report redirects to the result with the unlock sheet (13.8s)
  ✓   35 [mobile] › tests/e2e/referral-quiz.spec.ts:33:7 › invitation → actual Chinese quiz → own result → explicit consent survives unavailable storage and analytics (17.3s)
  ✓   68 [mobile] › tests/e2e/flow.spec.ts:162:7 › core flow › API rejects malformed answers and unknown results (194ms)
  ✓   70 [mobile] › tests/e2e/flow.spec.ts:177:7 › core flow › SEO endpoints respond (171ms)
(node:18967) Warning: The 'NO_COLOR' env is ignored due to the 'FORCE_COLOR' env being set.
(Use `node --trace-warnings ...` to show where the warning was created)
  ✓   67 [desktop] › tests/e2e/audit-updates.spec.ts:10:7 › review improvements › keeps separate drafts, checks answers and restarts only the chosen version (3.3s)
  ✓   72 [desktop] › tests/e2e/audit-updates.spec.ts:40:7 › review improvements › migrates an existing 32-question browser draft without changing its answers (210ms)
  ✓   71 [desktop] › tests/e2e/compare.spec.ts:37:37 › comparison explicit consent, cross-locale privacy and withdrawal zh (4.6s)
  ✓   74 [desktop] › tests/e2e/compare.spec.ts:37:37 › comparison explicit consent, cross-locale privacy and withdrawal en (5.0s)
  ✓   75 [desktop] › tests/e2e/flow.spec.ts:16:7 › core flow › home renders with the primary CTA and price (157ms)
  ✓   66 [desktop] › tests/e2e/analytics.spec.ts:51:7 › analytics › the paid funnel is measured end to end without result IDs or order numbers (15.1s)
  ✓   76 [desktop] › tests/e2e/flow.spec.ts:23:7 › core flow › sample result and sample report are reachable (248ms)
  ✓   77 [desktop] › tests/e2e/analytics.spec.ts:104:7 › analytics › the sample report records chapter reading and its closing CTA (384ms)
  ✓   79 [desktop] › tests/e2e/header-nav.spec.ts:7:7 › header navigation › every menu link stays in the server HTML while the menu is closed (52ms)
  ✓   78 [desktop] › tests/e2e/flow.spec.ts:31:7 › core flow › quiz gates next until an answer is chosen and persists progress across reload (664ms)
  ✓   80 [desktop] › tests/e2e/header-nav.spec.ts:16:7 › header navigation › the menu opens on click and closes on Escape, an outside press and a followed link (652ms)
  ✓   82 [desktop] › tests/e2e/header-nav.spec.ts:54:7 › header navigation › phones show the logo without its tagline while desktop keeps the full lockup (241ms)
  -   83 [desktop] › tests/e2e/header-nav.spec.ts:64:7 › header navigation › the phone header fits narrow screens in both languages
  -   84 [desktop] › tests/e2e/header-nav.spec.ts:78:7 › header navigation › the phone header keeps the logo or back link and both menu labels on one centre line
  ✓   85 [desktop] › tests/e2e/i18n.spec.ts:17:7 › English site › serves English pages with hreflang, while Chinese URLs stay unprefixed (196ms)
  ✓   39 [mobile] › tests/e2e/audit-updates.spec.ts:64:7 › review improvements › completes all 64 questions, persists the version and serves the paid chapters as HTML (28.4s)
  ✓   86 [desktop] › tests/e2e/i18n.spec.ts:39:7 › English site › the header language menu opens the same page in the other language, and locale-bound pages open the other home (1.1s)
  ✓   88 [desktop] › tests/e2e/i18n.spec.ts:71:7 › English site › the English sample report ships all four chapters in the server HTML (13ms)
  ✓   87 [mobile] › tests/e2e/audit-updates.spec.ts:95:7 › review improvements › unclear results cannot be sold; owners can review answers and keep the old record (1.3s)
  ✓   90 [mobile] › tests/e2e/audit-updates.spec.ts:132:7 › review improvements › public pages explain MBTI, score limits and a working support contact (544ms)
  ✓   73 [desktop] › tests/e2e/audit-updates.spec.ts:49:7 › review improvements › can finish the quiz when browser storage is blocked (14.0s)
(node:19091) Warning: The 'NO_COLOR' env is ignored due to the 'FORCE_COLOR' env being set.
(Use `node --trace-warnings ...` to show where the warning was created)
  ✓   92 [desktop] › tests/e2e/interaction-motion.spec.ts:7:9 › interaction motion: no-preference › question navigation preserves answers and keeps the phone dock inside the viewport (624ms)
  ✓   69 [mobile] › tests/e2e/referral-quiz.spec.ts:33:7 › invitation → actual English cross-locale quiz → own result → explicit consent survives unavailable storage and analytics (16.6s)
  ✓   93 [desktop] › tests/e2e/interaction-motion.spec.ts:44:9 › interaction motion: no-preference › rapid strength switches retain both original lists and align the selected pill (722ms)
(node:19097) Warning: The 'NO_COLOR' env is ignored due to the 'FORCE_COLOR' env being set.
(Use `node --trace-warnings ...` to show where the warning was created)
  ✓   95 [desktop] › tests/e2e/motion.spec.ts:45:7 › first-round motion › reduced motion keeps home, result and report content complete without animation (787ms)
  ✓   94 [desktop] › tests/e2e/interaction-motion.spec.ts:81:9 › interaction motion: no-preference › desktop modal stays centered and releases its overlay when closed (1.5s)
  ✓   97 [desktop] › tests/e2e/interaction-motion.spec.ts:7:9 › interaction motion: reduce › question navigation preserves answers and keeps the phone dock inside the viewport (297ms)
  ✓   98 [desktop] › tests/e2e/interaction-motion.spec.ts:44:9 › interaction motion: reduce › rapid strength switches retain both original lists and align the selected pill (233ms)
  ✓   96 [desktop] › tests/e2e/motion.spec.ts:76:7 › first-round motion › a result radar draws when scrolled into view and never repeats on return (1.1s)
  ✓   99 [desktop] › tests/e2e/interaction-motion.spec.ts:81:9 › interaction motion: reduce › desktop modal stays centered and releases its overlay when closed (481ms)
  ✓  100 [desktop] › tests/e2e/motion.spec.ts:100:7 › first-round motion › returning to report chapter one keeps the completed radar without replaying it (1.5s)
  ✓  101 [desktop] › tests/e2e/number-motion.spec.ts:7:9 › number motion: no-preference › rapid question jumps show the latest number, with only changed digits moving (1.3s)
  ✓  102 [desktop] › tests/e2e/motion.spec.ts:122:7 › first-round motion › rapid chapter changes keep the original panels, selection and URL in sync (290ms)
  ✓  103 [desktop] › tests/e2e/number-motion.spec.ts:38:9 › number motion: no-preference › switching 32 and 64 items animates the total and restores each draft (1.0s)
  ✓  105 [desktop] › tests/e2e/number-motion.spec.ts:7:9 › number motion: reduce › rapid question jumps show the latest number, with only changed digits moving (404ms)
  ✓  106 [desktop] › tests/e2e/number-motion.spec.ts:38:9 › number motion: reduce › switching 32 and 64 items animates the total and restores each draft (545ms)
  ✓  107 [desktop] › tests/e2e/report-history.spec.ts:52:7 › report history and order recovery › lists every result, including an older paid report, without depending on local storage (604ms)
  ✓  108 [desktop] › tests/e2e/report-history.spec.ts:90:7 › report history and order recovery › a visitor without a saved session can start a test or recover with an order number (474ms)
  ✓  109 [desktop] › tests/e2e/report-history.spec.ts:100:7 › report history and order recovery › recovering a paid order restores all history while the other result stays locked (1.7s)
  ✓  110 [desktop] › tests/e2e/report-history.spec.ts:126:7 › report history and order recovery › an unpaid order can recover from a direct request without a cookie and does not grant paid access (931ms)
  ✓   81 [desktop] › tests/e2e/flow.spec.ts:46:7 › core flow › complete quiz → result → mock pay → report chapters (15.7s)
  ✓  112 [desktop] › tests/e2e/flow.spec.ts:80:7 › core flow › the sample closes by inviting the test, not by quoting a price (381ms)
  ✓  111 [desktop] › tests/e2e/report-history.spec.ts:157:7 › report history and order recovery › recovers another visitor from the history page without merging records or changing paid access (1.4s)
  ✓  113 [desktop] › tests/e2e/flow.spec.ts:100:7 › core flow › the sample report is the real report layout, marked as a sample (259ms)
  ✓  115 [desktop] › tests/e2e/flow.spec.ts:118:7 › core flow › sample report ships every chapter in the server HTML (34ms)
  ✓   89 [desktop] › tests/e2e/i18n.spec.ts:78:7 › English site › English quiz → result → demo payment → English report (15.2s)
  ✓  116 [desktop] › tests/e2e/flow.spec.ts:134:7 › core flow › report chapters deep-link, switch and keep both insight lists (879ms)
  ✓  117 [desktop] › tests/e2e/i18n.spec.ts:98:7 › English site › API errors follow the language of the calling page (275ms)
  ✓  114 [desktop] › tests/e2e/report-history.spec.ts:194:7 › report history and order recovery › isolates visitors and keeps the current identity after invalid or cross-site recovery (1.3s)
  ✓  120 [desktop] › tests/e2e/report-history.spec.ts:235:7 › report history and order recovery › limits repeated recovery attempts without issuing a replacement identity (276ms)
  ✓  121 [desktop] › tests/e2e/share-motion.spec.ts:17:5 › public card reveals once; CTA remains outside animated ancestors (992ms)
  ✓  119 [desktop] › tests/e2e/share-edges.spec.ts:6:49 › guide generated image, copy, all-balanced privacy and GA zh (2.1s)
  ✓  122 [desktop] › tests/e2e/share-motion.spec.ts:46:5 › reduced motion, print, no-JS and 320/720/721 layouts retain complete card (737ms)
  ✓  124 [desktop] › tests/e2e/share.spec.ts:26:37 › share public capability privacy, ownership, retry, PNG and revoke zh (1.3s)
  ✓  123 [desktop] › tests/e2e/share-edges.spec.ts:6:49 › guide generated image, copy, all-balanced privacy and GA en (2.0s)
  ✓  125 [desktop] › tests/e2e/share.spec.ts:26:37 › share public capability privacy, ownership, retry, PNG and revoke en (2.0s)
  ✓  126 [desktop] › tests/e2e/share-edges.spec.ts:43:5 › creation can finish after closing; owner management recovers it once (1.8s)
  ✓  128 [desktop] › tests/e2e/share-edges.spec.ts:55:5 › no signed cookie cannot authorize a write (11ms)
  ✓  129 [desktop] › tests/e2e/visual.spec.ts:9:7 › visual › home (972ms)
  ✓  127 [desktop] › tests/e2e/share.spec.ts:82:5 › composer handles rapid selection, failed image and clipboard without losing published share (1.6s)
  ✓  104 [desktop] › tests/e2e/referral-quiz.spec.ts:33:7 › invitation → actual Chinese quiz → own result → explicit consent survives unavailable storage and analytics (15.8s)
  ✓  130 [desktop] › tests/e2e/visual.spec.ts:16:7 › visual › sample result (864ms)
  ✓  132 [desktop] › tests/e2e/visual.spec.ts:22:7 › visual › sample report chapter 2 (721ms)
  ✓   91 [desktop] › tests/e2e/audit-updates.spec.ts:64:7 › review improvements › completes all 64 questions, persists the version and serves the paid chapters as HTML (24.4s)
  ✓  133 [desktop] › tests/e2e/audit-updates.spec.ts:95:7 › review improvements › unclear results cannot be sold; owners can review answers and keep the old record (921ms)
  ✓  134 [desktop] › tests/e2e/audit-updates.spec.ts:132:7 › review improvements › public pages explain MBTI, score limits and a working support contact (420ms)
  ✓  118 [desktop] › tests/e2e/flow.spec.ts:152:7 › core flow › locked report redirects to the result with the unlock sheet (12.5s)
  ✓  135 [desktop] › tests/e2e/flow.spec.ts:162:7 › core flow › API rejects malformed answers and unknown results (111ms)
  ✓  136 [desktop] › tests/e2e/flow.spec.ts:177:7 › core flow › SEO endpoints respond (85ms)
  ✓  131 [desktop] › tests/e2e/referral-quiz.spec.ts:33:7 › invitation → actual English cross-locale quiz → own result → explicit consent survives unavailable storage and analytics (16.0s)

  4 skipped
  132 passed (1.5m)
